<html>
<body>
<pre>
<h1>µVision Build Log</h1>
<h2>Tool Versions:</h2>
IDE-Version: ¦ÌVision V5.42.0.0
Copyright (C) 2025 ARM Ltd and ARM Germany GmbH. All rights reserved.
License Information: arm arm, arm, LIC=0VRJ7-EZWTW-YDEK5-GJ2TX-USX4Q-0UY0J
 
Tool Versions:
Toolchain:       MDK-ARM Professional  Version: 5.42.0.0
Toolchain Path:  D:\Software\Coding_Tools\IDE\keil5.41a\ARM\ARMCC5\Bin
C Compiler:      Armcc.exe V5.06 update 6 (build 750)
Assembler:       Armasm.exe V5.06 update 6 (build 750)
Linker/Locator:  ArmLink.exe V5.06 update 6 (build 750)
Library Manager: ArmAr.exe V5.06 update 6 (build 750)
Hex Converter:   FromElf.exe V5.06 update 6 (build 750)
CPU DLL:         SARMCM3.DLL V5.42.0.0
Dialog DLL:      DCM.DLL V1.17.5.0
Target DLL:      CMSIS_AGDI.dll V1.33.22.0
Dialog DLL:      TCM.DLL V1.56.6.0
 
<h2>Project:</h2>
D:\Code_Project\AT32_WK_Proj\AT32F403ARGT7_usb_msc_useCherryUSB\project\MDK_V5\AT32F403ARGT7_usb_msc_useCherryUSB.uvprojx
Project File Date:  02/02/2026

<h2>Output:</h2>
*** Using Compiler 'V5.06 update 6 (build 750)', folder: 'D:\Software\Coding_Tools\IDE\keil5.41a\ARM\ARMCC5\Bin'
Rebuild target 'AT32F403ARGT7_usb_msc_useCherryUSB'
compiling main.c...
compiling at32f403a_407_int.c...
compiling wk_usart.c...
compiling wk_acc.c...
compiling at32f403a_407_wk_config.c...
compiling at32f403a_407_misc.c...
compiling wk_debug.c...
compiling wk_usbfs.c...
compiling at32f403a_407_exint.c...
compiling at32f403a_407_pwc.c...
compiling wk_system.c...
compiling wk_sdio.c...
compiling at32f403a_407_gpio.c...
compiling at32f403a_407_usart.c...
compiling at32f403a_407_crm.c...
compiling at32f403a_407_flash.c...
compiling at32f403a_407_usb.c...
assembling startup_at32f403a_407.s...
compiling at32f403a_407_acc.c...
compiling at32f403a_407_debug.c...
compiling at32f403a_407_sdio.c...
compiling system_at32f403a_407.c...
linking...
Program Size: Code=4310 RO-data=478 RW-data=12 ZI-data=1636  
FromELF: creating hex file...
".\objects\AT32F403ARGT7_usb_msc_useCherryUSB.axf" - 0 Error(s), 0 Warning(s).

<h2>Software Packages used:</h2>

Package Vendor: ArteryTek
                
                ArteryTek::AT32F403A_407_DFP@2.1.9
                ArteryTek AT32F403A_407 Series Device Support,Drivers

<h2>Collection of Component include folders:</h2>
  C:/Users/TommyRIckWu/AppData/Local/Arm/Packs/ArteryTek/AT32F403A_407_DFP/2.1.9/Device/Include

<h2>Collection of Component Files used:</h2>
Build Time Elapsed:  00:00:01
</pre>
</body>
</html>
