Component: ARM Compiler 5.06 update 6 (build 750) Tool: armlink [4d35ed]

==============================================================================

Section Cross References

    main.o(i.main) refers to at32f403a_407_wk_config.o(i.wk_system_clock_config) for wk_system_clock_config
    main.o(i.main) refers to at32f403a_407_wk_config.o(i.wk_periph_clock_config) for wk_periph_clock_config
    main.o(i.main) refers to wk_debug.o(i.wk_debug_config) for wk_debug_config
    main.o(i.main) refers to at32f403a_407_wk_config.o(i.wk_nvic_config) for wk_nvic_config
    main.o(i.main) refers to wk_system.o(i.wk_timebase_init) for wk_timebase_init
    main.o(i.main) refers to wk_usart.o(i.wk_usart1_init) for wk_usart1_init
    main.o(i.main) refers to wk_sdio.o(i.wk_sdio2_init) for wk_sdio2_init
    main.o(i.main) refers to wk_acc.o(i.wk_acc_init) for wk_acc_init
    main.o(i.main) refers to wk_usbfs.o(i.wk_usbfs_init) for wk_usbfs_init
    main.o(i.main) refers to noretval__2printf.o(.text) for __2printf
    main.o(i.main) refers to wk_system.o(i.wk_delay_ms) for wk_delay_ms
    at32f403a_407_wk_config.o(i.wk_nvic_config) refers to at32f403a_407_misc.o(i.nvic_priority_group_config) for nvic_priority_group_config
    at32f403a_407_wk_config.o(i.wk_nvic_config) refers to at32f403a_407_wk_config.o(i.__NVIC_GetPriorityGrouping) for __NVIC_GetPriorityGrouping
    at32f403a_407_wk_config.o(i.wk_nvic_config) refers to at32f403a_407_wk_config.o(i.NVIC_EncodePriority) for NVIC_EncodePriority
    at32f403a_407_wk_config.o(i.wk_nvic_config) refers to at32f403a_407_wk_config.o(i.__NVIC_SetPriority) for __NVIC_SetPriority
    at32f403a_407_wk_config.o(i.wk_nvic_config) refers to at32f403a_407_misc.o(i.nvic_irq_enable) for nvic_irq_enable
    at32f403a_407_wk_config.o(i.wk_periph_clock_config) refers to at32f403a_407_crm.o(i.crm_periph_clock_enable) for crm_periph_clock_enable
    at32f403a_407_wk_config.o(i.wk_system_clock_config) refers to at32f403a_407_crm.o(i.crm_reset) for crm_reset
    at32f403a_407_wk_config.o(i.wk_system_clock_config) refers to at32f403a_407_crm.o(i.crm_clock_source_enable) for crm_clock_source_enable
    at32f403a_407_wk_config.o(i.wk_system_clock_config) refers to at32f403a_407_crm.o(i.crm_flag_get) for crm_flag_get
    at32f403a_407_wk_config.o(i.wk_system_clock_config) refers to at32f403a_407_crm.o(i.crm_pll_config) for crm_pll_config
    at32f403a_407_wk_config.o(i.wk_system_clock_config) refers to at32f403a_407_crm.o(i.crm_ahb_div_set) for crm_ahb_div_set
    at32f403a_407_wk_config.o(i.wk_system_clock_config) refers to at32f403a_407_crm.o(i.crm_apb2_div_set) for crm_apb2_div_set
    at32f403a_407_wk_config.o(i.wk_system_clock_config) refers to at32f403a_407_crm.o(i.crm_apb1_div_set) for crm_apb1_div_set
    at32f403a_407_wk_config.o(i.wk_system_clock_config) refers to at32f403a_407_crm.o(i.crm_auto_step_mode_enable) for crm_auto_step_mode_enable
    at32f403a_407_wk_config.o(i.wk_system_clock_config) refers to at32f403a_407_crm.o(i.crm_sysclk_switch) for crm_sysclk_switch
    at32f403a_407_wk_config.o(i.wk_system_clock_config) refers to at32f403a_407_crm.o(i.crm_sysclk_switch_status_get) for crm_sysclk_switch_status_get
    at32f403a_407_wk_config.o(i.wk_system_clock_config) refers to system_at32f403a_407.o(i.system_core_clock_update) for system_core_clock_update
    at32f403a_407_int.o(i.SysTick_Handler) refers to wk_system.o(i.wk_timebase_handler) for wk_timebase_handler
    wk_system.o(.rev16_text) refers (Special) to use_no_semi_2.o(.text) for __use_no_semihosting
    wk_system.o(.revsh_text) refers (Special) to use_no_semi_2.o(.text) for __use_no_semihosting
    wk_system.o(.rrx_text) refers (Special) to use_no_semi_2.o(.text) for __use_no_semihosting
    wk_system.o(i._sys_exit) refers (Special) to use_no_semi_2.o(.text) for __use_no_semihosting
    wk_system.o(i._ttywrch) refers (Special) to use_no_semi_2.o(.text) for __use_no_semihosting
    wk_system.o(i.fputc) refers (Special) to use_no_semi_2.o(.text) for __use_no_semihosting
    wk_system.o(i.fputc) refers to at32f403a_407_usart.o(i.usart_flag_get) for usart_flag_get
    wk_system.o(i.fputc) refers to at32f403a_407_usart.o(i.usart_data_transmit) for usart_data_transmit
    wk_system.o(i.wk_delay_ms) refers (Special) to use_no_semi_2.o(.text) for __use_no_semihosting
    wk_system.o(i.wk_delay_ms) refers to wk_system.o(i.wk_timebase_get) for wk_timebase_get
    wk_system.o(i.wk_timebase_get) refers (Special) to use_no_semi_2.o(.text) for __use_no_semihosting
    wk_system.o(i.wk_timebase_get) refers to wk_system.o(.data) for timebase_ticks
    wk_system.o(i.wk_timebase_handler) refers (Special) to use_no_semi_2.o(.text) for __use_no_semihosting
    wk_system.o(i.wk_timebase_handler) refers to wk_system.o(i.wk_timebase_increase) for wk_timebase_increase
    wk_system.o(i.wk_timebase_increase) refers (Special) to use_no_semi_2.o(.text) for __use_no_semihosting
[...]
    Removing at32f403a_407_int.o(.rev16_text), (4 bytes).
    Removing at32f403a_407_int.o(.revsh_text), (4 bytes).
    Removing at32f403a_407_int.o(.rrx_text), (6 bytes).
    Removing wk_system.o(.rev16_text), (4 bytes).
    Removing wk_system.o(.revsh_text), (4 bytes).
    Removing wk_system.o(.rrx_text), (6 bytes).
    Removing wk_system.o(i._ttywrch), (2 bytes).
    Removing wk_acc.o(.rev16_text), (4 bytes).
    Removing wk_acc.o(.revsh_text), (4 bytes).
    Removing wk_acc.o(.rrx_text), (6 bytes).
    Removing wk_debug.o(.rev16_text), (4 bytes).
    Removing wk_debug.o(.revsh_text), (4 bytes).
    Removing wk_debug.o(.rrx_text), (6 bytes).
    Removing wk_sdio.o(.rev16_text), (4 bytes).
    Removing wk_sdio.o(.revsh_text), (4 bytes).
    Removing wk_sdio.o(.rrx_text), (6 bytes).
    Removing wk_usart.o(.rev16_text), (4 bytes).
    Removing wk_usart.o(.revsh_text), (4 bytes).
    Removing wk_usart.o(.rrx_text), (6 bytes).
    Removing wk_usbfs.o(.rev16_text), (4 bytes).
    Removing wk_usbfs.o(.revsh_text), (4 bytes).
    Removing wk_usbfs.o(.rrx_text), (6 bytes).
    Removing at32f403a_407_crm.o(.rev16_text), (4 bytes).
    Removing at32f403a_407_crm.o(.revsh_text), (4 bytes).
    Removing at32f403a_407_crm.o(.rrx_text), (6 bytes).
    Removing at32f403a_407_crm.o(i.crm_adc_clock_div_set), (32 bytes).
    Removing at32f403a_407_crm.o(i.crm_battery_powered_domain_reset), (20 bytes).
    Removing at32f403a_407_crm.o(i.crm_clkout_div_set), (20 bytes).
    Removing at32f403a_407_crm.o(i.crm_clkout_to_tmr10_enable), (20 bytes).
    Removing at32f403a_407_crm.o(i.crm_clock_failure_detection_enable), (20 bytes).
    Removing at32f403a_407_crm.o(i.crm_clock_out_set), (32 bytes).
    Removing at32f403a_407_crm.o(i.crm_flag_clear), (212 bytes).
    Removing at32f403a_407_crm.o(i.crm_hext_bypass), (20 bytes).
    Removing at32f403a_407_crm.o(i.crm_hext_clock_div_set), (20 bytes).
    Removing at32f403a_407_crm.o(i.crm_hext_stable_wait), (46 bytes).
    Removing at32f403a_407_crm.o(i.crm_hick_clock_calibration_set), (40 bytes).
    Removing at32f403a_407_crm.o(i.crm_hick_clock_trimming_set), (20 bytes).
    Removing at32f403a_407_crm.o(i.crm_interrupt_enable), (32 bytes).
    Removing at32f403a_407_crm.o(i.crm_interrupt_flag_get), (176 bytes).
    Removing at32f403a_407_crm.o(i.crm_lext_bypass), (20 bytes).
    Removing at32f403a_407_crm.o(i.crm_periph_reset), (68 bytes).
    Removing at32f403a_407_crm.o(i.crm_periph_sleep_mode_clock_enable), (68 bytes).
    Removing at32f403a_407_crm.o(i.crm_rtc_clock_enable), (20 bytes).
    Removing at32f403a_407_crm.o(i.crm_rtc_clock_select), (20 bytes).
    Removing at32f403a_407_crm.o(i.crm_usb_clock_div_set), (32 bytes).
    Removing at32f403a_407_gpio.o(.rev16_text), (4 bytes).
    Removing at32f403a_407_gpio.o(.revsh_text), (4 bytes).
    Removing at32f403a_407_gpio.o(.rrx_text), (6 bytes).
    Removing at32f403a_407_gpio.o(i.gpio_bits_reset), (4 bytes).
    Removing at32f403a_407_gpio.o(i.gpio_bits_set), (4 bytes).
    Removing at32f403a_407_gpio.o(i.gpio_bits_toggle), (20 bytes).
    Removing at32f403a_407_gpio.o(i.gpio_bits_write), (10 bytes).
    Removing at32f403a_407_gpio.o(i.gpio_event_output_config), (28 bytes).
    Removing at32f403a_407_gpio.o(i.gpio_event_output_enable), (20 bytes).
    Removing at32f403a_407_gpio.o(i.gpio_exint_line_config), (164 bytes).
    Removing at32f403a_407_gpio.o(i.gpio_input_data_bit_read), (18 bytes).
    Removing at32f403a_407_gpio.o(i.gpio_input_data_read), (8 bytes).
    Removing at32f403a_407_gpio.o(i.gpio_iomux_reset), (24 bytes).
    Removing at32f403a_407_gpio.o(i.gpio_output_data_bit_read), (18 bytes).
    Removing at32f403a_407_gpio.o(i.gpio_output_data_read), (8 bytes).
    Removing at32f403a_407_gpio.o(i.gpio_pin_wp_config), (18 bytes).
    Removing at32f403a_407_gpio.o(i.gpio_pins_huge_driven_config), (18 bytes).
    Removing at32f403a_407_gpio.o(i.gpio_port_write), (4 bytes).
    Removing at32f403a_407_gpio.o(i.gpio_reset), (164 bytes).
    Removing at32f403a_407_usart.o(.rev16_text), (4 bytes).
    Removing at32f403a_407_usart.o(.revsh_text), (4 bytes).
    Removing at32f403a_407_usart.o(.rrx_text), (6 bytes).
    Removing at32f403a_407_usart.o(i.usart_break_bit_num_set), (10 bytes).
    Removing at32f403a_407_usart.o(i.usart_break_send), (12 bytes).
    Removing at32f403a_407_usart.o(i.usart_clock_config), (28 bytes).
    Removing at32f403a_407_usart.o(i.usart_clock_enable), (10 bytes).
    Removing at32f403a_407_usart.o(i.usart_data_receive), (8 bytes).
    Removing at32f403a_407_usart.o(i.usart_dma_receiver_enable), (10 bytes).
    Removing at32f403a_407_usart.o(i.usart_dma_transmitter_enable), (10 bytes).
    Removing at32f403a_407_usart.o(i.usart_flag_clear), (18 bytes).
    Removing at32f403a_407_usart.o(i.usart_interrupt_enable), (54 bytes).
    Removing at32f403a_407_usart.o(i.usart_interrupt_flag_get), (176 bytes).
    Removing at32f403a_407_usart.o(i.usart_irda_low_power_enable), (10 bytes).
    Removing at32f403a_407_usart.o(i.usart_irda_mode_enable), (10 bytes).
    Removing at32f403a_407_usart.o(i.usart_irda_smartcard_division_set), (10 bytes).
    Removing at32f403a_407_usart.o(i.usart_lin_mode_enable), (10 bytes).
    Removing at32f403a_407_usart.o(i.usart_receiver_mute_enable), (10 bytes).
    Removing at32f403a_407_usart.o(i.usart_reset), (244 bytes).
    Removing at32f403a_407_usart.o(i.usart_single_line_halfduplex_select), (10 bytes).
    Removing at32f403a_407_usart.o(i.usart_smartcard_guard_time_set), (10 bytes).
    Removing at32f403a_407_usart.o(i.usart_smartcard_mode_enable), (10 bytes).
    Removing at32f403a_407_usart.o(i.usart_smartcard_nack_set), (10 bytes).
    Removing at32f403a_407_usart.o(i.usart_wakeup_id_set), (10 bytes).
    Removing at32f403a_407_usart.o(i.usart_wakeup_mode_set), (10 bytes).
    Removing at32f403a_407_pwc.o(.rev16_text), (4 bytes).
    Removing at32f403a_407_pwc.o(.revsh_text), (4 bytes).
    Removing at32f403a_407_pwc.o(.rrx_text), (6 bytes).
    Removing at32f403a_407_pwc.o(i.pwc_battery_powered_domain_access), (20 bytes).
    Removing at32f403a_407_pwc.o(i.pwc_deep_sleep_mode_enter), (48 bytes).
    Removing at32f403a_407_pwc.o(i.pwc_flag_clear), (48 bytes).
    Removing at32f403a_407_pwc.o(i.pwc_flag_get), (24 bytes).
    Removing at32f403a_407_pwc.o(i.pwc_power_voltage_monitor_enable), (20 bytes).
    Removing at32f403a_407_pwc.o(i.pwc_pvm_level_select), (20 bytes).
    Removing at32f403a_407_pwc.o(i.pwc_reset), (24 bytes).
    Removing at32f403a_407_pwc.o(i.pwc_sleep_mode_enter), (36 bytes).
    Removing at32f403a_407_pwc.o(i.pwc_standby_mode_enter), (56 bytes).
    Removing at32f403a_407_pwc.o(i.pwc_voltage_regulate_set), (20 bytes).
    Removing at32f403a_407_pwc.o(i.pwc_wakeup_pin_enable), (32 bytes).
    Removing at32f403a_407_flash.o(.rev16_text), (4 bytes).
    Removing at32f403a_407_flash.o(.revsh_text), (4 bytes).
    Removing at32f403a_407_flash.o(.rrx_text), (6 bytes).
    Removing at32f403a_407_flash.o(i.flash_bank1_erase), (60 bytes).
    Removing at32f403a_407_flash.o(i.flash_bank1_lock), (20 bytes).
    Removing at32f403a_407_flash.o(i.flash_bank1_operation_status_get), (52 bytes).
    Removing at32f403a_407_flash.o(i.flash_bank1_operation_wait_for), (36 bytes).
    Removing at32f403a_407_flash.o(i.flash_bank1_unlock), (24 bytes).
    Removing at32f403a_407_flash.o(i.flash_bank2_erase), (60 bytes).
    Removing at32f403a_407_flash.o(i.flash_bank2_lock), (20 bytes).
    Removing at32f403a_407_flash.o(i.flash_bank2_operation_status_get), (52 bytes).
    Removing at32f403a_407_flash.o(i.flash_bank2_operation_wait_for), (36 bytes).
    Removing at32f403a_407_flash.o(i.flash_bank2_unlock), (24 bytes).
    Removing at32f403a_407_flash.o(i.flash_byte_program), (124 bytes).
    Removing at32f403a_407_flash.o(i.flash_crc_calibrate), (72 bytes).
    Removing at32f403a_407_flash.o(i.flash_epp_set), (220 bytes).
    Removing at32f403a_407_flash.o(i.flash_epp_status_get), (12 bytes).
    Removing at32f403a_407_flash.o(i.flash_fap_enable), (140 bytes).
    Removing at32f403a_407_flash.o(i.flash_fap_status_get), (16 bytes).
    Removing at32f403a_407_flash.o(i.flash_flag_clear), (56 bytes).
    Removing at32f403a_407_flash.o(i.flash_flag_get), (96 bytes).
    Removing at32f403a_407_flash.o(i.flash_halfword_program), (184 bytes).
    Removing at32f403a_407_flash.o(i.flash_internal_all_erase), (108 bytes).
    Removing at32f403a_407_flash.o(i.flash_interrupt_enable), (124 bytes).
    Removing at32f403a_407_flash.o(i.flash_lock), (32 bytes).
    Removing at32f403a_407_flash.o(i.flash_operation_status_get), (52 bytes).
    Removing at32f403a_407_flash.o(i.flash_operation_wait_for), (36 bytes).
    Removing at32f403a_407_flash.o(i.flash_sector_erase), (224 bytes).
    Removing at32f403a_407_flash.o(i.flash_slib_datastart_sector_get), (16 bytes).
    Removing at32f403a_407_flash.o(i.flash_slib_disable), (52 bytes).
    Removing at32f403a_407_flash.o(i.flash_slib_enable), (148 bytes).
    Removing at32f403a_407_flash.o(i.flash_slib_end_sector_get), (12 bytes).
    Removing at32f403a_407_flash.o(i.flash_slib_remaining_count_get), (16 bytes).
    Removing at32f403a_407_flash.o(i.flash_slib_start_sector_get), (16 bytes).
    Removing at32f403a_407_flash.o(i.flash_slib_state_get), (24 bytes).
    Removing at32f403a_407_flash.o(i.flash_spim_all_erase), (76 bytes).
    Removing at32f403a_407_flash.o(i.flash_spim_dummy_read), (24 bytes).
    Removing at32f403a_407_flash.o(i.flash_spim_encryption_range_set), (12 bytes).
    Removing at32f403a_407_flash.o(i.flash_spim_lock), (24 bytes).
    Removing at32f403a_407_flash.o(i.flash_spim_mass_program), (144 bytes).
    Removing at32f403a_407_flash.o(i.flash_spim_model_select), (28 bytes).
    Removing at32f403a_407_flash.o(i.flash_spim_operation_status_get), (52 bytes).
    Removing at32f403a_407_flash.o(i.flash_spim_operation_wait_for), (36 bytes).
    Removing at32f403a_407_flash.o(i.flash_spim_unlock), (40 bytes).
    Removing at32f403a_407_flash.o(i.flash_ssb_set), (92 bytes).
    Removing at32f403a_407_flash.o(i.flash_ssb_status_get), (16 bytes).
    Removing at32f403a_407_flash.o(i.flash_unlock), (32 bytes).
    Removing at32f403a_407_flash.o(i.flash_user_system_data_erase), (152 bytes).
    Removing at32f403a_407_flash.o(i.flash_user_system_data_program), (104 bytes).
    Removing at32f403a_407_flash.o(i.flash_word_program), (184 bytes).
    Removing at32f403a_407_flash.o(.constdata), (8 bytes).
    Removing at32f403a_407_exint.o(.rev16_text), (4 bytes).
    Removing at32f403a_407_exint.o(.revsh_text), (4 bytes).
    Removing at32f403a_407_exint.o(.rrx_text), (6 bytes).
    Removing at32f403a_407_exint.o(i.exint_default_para_init), (14 bytes).
    Removing at32f403a_407_exint.o(i.exint_event_enable), (32 bytes).
    Removing at32f403a_407_exint.o(i.exint_flag_clear), (32 bytes).
    Removing at32f403a_407_exint.o(i.exint_flag_get), (28 bytes).
    Removing at32f403a_407_exint.o(i.exint_init), (152 bytes).
    Removing at32f403a_407_exint.o(i.exint_interrupt_enable), (32 bytes).
    Removing at32f403a_407_exint.o(i.exint_interrupt_flag_get), (36 bytes).
    Removing at32f403a_407_exint.o(i.exint_reset), (40 bytes).
    Removing at32f403a_407_exint.o(i.exint_software_interrupt_event_generate), (16 bytes).
    Removing at32f403a_407_misc.o(.rev16_text), (4 bytes).
    Removing at32f403a_407_misc.o(.revsh_text), (4 bytes).
    Removing at32f403a_407_misc.o(.rrx_text), (6 bytes).
    Removing at32f403a_407_misc.o(i.nvic_irq_disable), (44 bytes).
    Removing at32f403a_407_misc.o(i.nvic_lowpower_mode_config), (32 bytes).
    Removing at32f403a_407_misc.o(i.nvic_system_reset), (44 bytes).
    Removing at32f403a_407_misc.o(i.nvic_vector_table_set), (20 bytes).
    Removing at32f403a_407_usb.o(.rev16_text), (4 bytes).
    Removing at32f403a_407_usb.o(.revsh_text), (4 bytes).
    Removing at32f403a_407_usb.o(.rrx_text), (6 bytes).
    Removing at32f403a_407_usb.o(i.usb_buffer_free), (12 bytes).
    Removing at32f403a_407_usb.o(i.usb_buffer_malloc), (20 bytes).
    Removing at32f403a_407_usb.o(i.usb_connect), (18 bytes).
    Removing at32f403a_407_usb.o(i.usb_dev_init), (36 bytes).
    Removing at32f403a_407_usb.o(i.usb_disconnect), (22 bytes).
    Removing at32f403a_407_usb.o(i.usb_enter_suspend), (22 bytes).
    Removing at32f403a_407_usb.o(i.usb_ept_close), (572 bytes).
    Removing at32f403a_407_usb.o(i.usb_ept_open), (1348 bytes).
    Removing at32f403a_407_usb.o(i.usb_ept_stall), (108 bytes).
    Removing at32f403a_407_usb.o(i.usb_exit_suspend), (18 bytes).
    Removing at32f403a_407_usb.o(i.usb_flag_clear), (6 bytes).
    Removing at32f403a_407_usb.o(i.usb_flag_get), (16 bytes).
    Removing at32f403a_407_usb.o(i.usb_interrupt_enable), (20 bytes).
    Removing at32f403a_407_usb.o(i.usb_interrupt_flag_get), (38 bytes).
    Removing at32f403a_407_usb.o(i.usb_read_packet), (44 bytes).
    Removing at32f403a_407_usb.o(i.usb_remote_wkup_clear), (10 bytes).
    Removing at32f403a_407_usb.o(i.usb_remote_wkup_set), (12 bytes).
    Removing at32f403a_407_usb.o(i.usb_set_address), (20 bytes).
    Removing at32f403a_407_usb.o(i.usb_usbbufs_enable), (64 bytes).
    Removing at32f403a_407_usb.o(i.usb_write_packet), (44 bytes).
    Removing at32f403a_407_usb.o(.data), (6 bytes).
    Removing at32f403a_407_acc.o(.rev16_text), (4 bytes).
    Removing at32f403a_407_acc.o(.revsh_text), (4 bytes).
    Removing at32f403a_407_acc.o(.rrx_text), (6 bytes).
    Removing at32f403a_407_acc.o(i.acc_flag_clear), (12 bytes).
    Removing at32f403a_407_acc.o(i.acc_flag_get), (32 bytes).
    Removing at32f403a_407_acc.o(i.acc_hickcal_get), (12 bytes).
    Removing at32f403a_407_acc.o(i.acc_hicktrim_get), (16 bytes).
    Removing at32f403a_407_acc.o(i.acc_interrupt_enable), (36 bytes).
    Removing at32f403a_407_acc.o(i.acc_interrupt_flag_get), (72 bytes).
    Removing at32f403a_407_acc.o(i.acc_read_c1), (12 bytes).
    Removing at32f403a_407_acc.o(i.acc_read_c2), (12 bytes).
    Removing at32f403a_407_acc.o(i.acc_read_c3), (12 bytes).
    Removing at32f403a_407_acc.o(i.acc_step_set), (20 bytes).
    Removing at32f403a_407_sdio.o(.rev16_text), (4 bytes).
    Removing at32f403a_407_sdio.o(.revsh_text), (4 bytes).
    Removing at32f403a_407_sdio.o(.rrx_text), (6 bytes).
    Removing at32f403a_407_sdio.o(i.sdio_buffer_counter_get), (6 bytes).
    Removing at32f403a_407_sdio.o(i.sdio_command_config), (56 bytes).
    Removing at32f403a_407_sdio.o(i.sdio_command_response_get), (10 bytes).
    Removing at32f403a_407_sdio.o(i.sdio_command_state_machine_enable), (10 bytes).
    Removing at32f403a_407_sdio.o(i.sdio_data_config), (56 bytes).
    Removing at32f403a_407_sdio.o(i.sdio_data_counter_get), (6 bytes).
    Removing at32f403a_407_sdio.o(i.sdio_data_read), (8 bytes).
    Removing at32f403a_407_sdio.o(i.sdio_data_state_machine_enable), (10 bytes).
    Removing at32f403a_407_sdio.o(i.sdio_data_write), (6 bytes).
    Removing at32f403a_407_sdio.o(i.sdio_dma_enable), (10 bytes).
    Removing at32f403a_407_sdio.o(i.sdio_flag_clear), (4 bytes).
    Removing at32f403a_407_sdio.o(i.sdio_flag_get), (20 bytes).
    Removing at32f403a_407_sdio.o(i.sdio_interrupt_enable), (20 bytes).
    Removing at32f403a_407_sdio.o(i.sdio_interrupt_flag_get), (20 bytes).
    Removing at32f403a_407_sdio.o(i.sdio_io_function_enable), (10 bytes).
    Removing at32f403a_407_sdio.o(i.sdio_io_suspend_command_set), (10 bytes).
    Removing at32f403a_407_sdio.o(i.sdio_power_status_get), (10 bytes).
    Removing at32f403a_407_sdio.o(i.sdio_read_wait_mode_set), (10 bytes).
    Removing at32f403a_407_sdio.o(i.sdio_read_wait_start), (10 bytes).
    Removing at32f403a_407_sdio.o(i.sdio_read_wait_stop), (10 bytes).
    Removing at32f403a_407_sdio.o(i.sdio_reset), (28 bytes).
    Removing at32f403a_407_sdio.o(i.sdio_response_get), (42 bytes).
    Removing at32f403a_407_debug.o(.rev16_text), (4 bytes).
    Removing at32f403a_407_debug.o(.revsh_text), (4 bytes).
    Removing at32f403a_407_debug.o(.rrx_text), (6 bytes).
    Removing at32f403a_407_debug.o(i.debug_device_id_get), (12 bytes).
    Removing at32f403a_407_debug.o(i.debug_periph_mode_set), (32 bytes).
    Removing system_at32f403a_407.o(.rev16_text), (4 bytes).
    Removing system_at32f403a_407.o(.revsh_text), (4 bytes).
    Removing system_at32f403a_407.o(.rrx_text), (6 bytes).

249 unused section(s) (total 9620 bytes) removed from the image.

==============================================================================

Image Symbol Table

    Local Symbols

    Symbol Name                              Value     Ov Type        Size  Object(Section)

    ../clib/angel/boardlib.s                 0x00000000   Number         0  boardinit2.o ABSOLUTE
    ../clib/angel/boardlib.s                 0x00000000   Number         0  boardinit1.o ABSOLUTE
    ../clib/angel/boardlib.s                 0x00000000   Number         0  boardshut.o ABSOLUTE
    ../clib/angel/boardlib.s                 0x00000000   Number         0  boardinit3.o ABSOLUTE
    ../clib/angel/handlers.s                 0x00000000   Number         0  __scatter_copy.o ABSOLUTE
    ../clib/angel/handlers.s                 0x00000000   Number         0  __scatter_zi.o ABSOLUTE
    ../clib/angel/kernel.s                   0x00000000   Number         0  __rtentry.o ABSOLUTE
    ../clib/angel/kernel.s                   0x00000000   Number         0  __rtentry4.o ABSOLUTE
    ../clib/angel/kernel.s                   0x00000000   Number         0  rtexit.o ABSOLUTE
    ../clib/angel/kernel.s                   0x00000000   Number         0  __rtentry2.o ABSOLUTE
    ../clib/angel/kernel.s                   0x00000000   Number         0  rtexit2.o ABSOLUTE
    ../clib/angel/rt.s                       0x00000000   Number         0  rt_raise.o ABSOLUTE
    ../clib/angel/scatter.s                  0x00000000   Number         0  __scatter.o ABSOLUTE
    ../clib/angel/startup.s                  0x00000000   Number         0  __main.o ABSOLUTE
    ../clib/angel/sys.s                      0x00000000   Number         0  use_no_semi.o ABSOLUTE
    ../clib/angel/sys.s                      0x00000000   Number         0  use_no_semi_2.o ABSOLUTE
    ../clib/angel/sys.s                      0x00000000   Number         0  sys_stackheap_outer.o ABSOLUTE
    ../clib/angel/sys.s                      0x00000000   Number         0  libspace.o ABSOLUTE
    ../clib/angel/sys.s                      0x00000000   Number         0  indicate_semi.o ABSOLUTE
    ../clib/angel/sysapp.c                   0x00000000   Number         0  sys_command.o ABSOLUTE
    ../clib/armsys.c                         0x00000000   Number         0  argv_veneer.o ABSOLUTE
    ../clib/armsys.c                         0x00000000   Number         0  _get_argv_nomalloc.o ABSOLUTE
    ../clib/armsys.c                         0x00000000   Number         0  no_argv.o ABSOLUTE
    ../clib/armsys.c                         0x00000000   Number         0  argv_veneer.o ABSOLUTE
    ../clib/heapalloc.c                      0x00000000   Number         0  hrguard.o ABSOLUTE
    ../clib/heapaux.c                        0x00000000   Number         0  heapauxi.o ABSOLUTE
    ../clib/libinit.s                        0x00000000   Number         0  libshutdown2.o ABSOLUTE
    ../clib/libinit.s                        0x00000000   Number         0  libshutdown.o ABSOLUTE
    ../clib/libinit.s                        0x00000000   Number         0  libinit2.o ABSOLUTE
    ../clib/libinit.s                        0x00000000   Number         0  libinit.o ABSOLUTE
    ../clib/printf.c                         0x00000000   Number         0  __printf_nopercent.o ABSOLUTE
    ../clib/printf.c                         0x00000000   Number         0  _printf_char_file.o ABSOLUTE
    ../clib/printf.c                         0x00000000   Number         0  _printf_char_common.o ABSOLUTE
    ../clib/printf.c                         0x00000000   Number         0  __2printf.o ABSOLUTE
    ../clib/printf.c                         0x00000000   Number         0  noretval__2printf.o ABSOLUTE
    ../clib/signal.c                         0x00000000   Number         0  defsig_abrt_inner.o ABSOLUTE
    ../clib/signal.c                         0x00000000   Number         0  defsig_stak_inner.o ABSOLUTE
    ../clib/signal.c                         0x00000000   Number         0  defsig_fpe_inner.o ABSOLUTE
    ../clib/signal.c                         0x00000000   Number         0  defsig_rtred_inner.o ABSOLUTE
    ../clib/signal.c                         0x00000000   Number         0  defsig_general.o ABSOLUTE
    ../clib/signal.c                         0x00000000   Number         0  __raise.o ABSOLUTE
    ../clib/signal.c                         0x00000000   Number         0  defsig_rtmem_inner.o ABSOLUTE
    ../clib/signal.c                         0x00000000   Number         0  defsig_exit.o ABSOLUTE
    ../clib/signal.c                         0x00000000   Number         0  defsig_pvfn_inner.o ABSOLUTE
    ../clib/signal.c                         0x00000000   Number         0  defsig_cppl_inner.o ABSOLUTE
    ../clib/signal.c                         0x00000000   Number         0  defsig_segv_inner.o ABSOLUTE
    ../clib/signal.c                         0x00000000   Number         0  defsig_other.o ABSOLUTE
    ../clib/signal.c                         0x00000000   Number         0  defsig_rtmem_formal.o ABSOLUTE
    ../clib/signal.c                         0x00000000   Number         0  defsig_rtmem_outer.o ABSOLUTE
    ../clib/signal.s                         0x00000000   Number         0  defsig.o ABSOLUTE
    ../clib/stdio.c                          0x00000000   Number         0  ferror_locked.o ABSOLUTE
    ../clib/stdio.c                          0x00000000   Number         0  ferror.o ABSOLUTE
    ../clib/stdlib.c                         0x00000000   Number         0  exit.o ABSOLUTE
    ../fplib/fpinit.s                        0x00000000   Number         0  fpinit.o ABSOLUTE
    ..\..\libraries\cmsis\cm4\device_support\system_at32f403a_407.c 0x00000000   Number         0  system_at32f403a_407.o ABSOLUTE
    ..\..\libraries\drivers\src\at32f403a_407_acc.c 0x00000000   Number         0  at32f403a_407_acc.o ABSOLUTE
    ..\..\libraries\drivers\src\at32f403a_407_crm.c 0x00000000   Number         0  at32f403a_407_crm.o ABSOLUTE
    ..\..\libraries\drivers\src\at32f403a_407_debug.c 0x00000000   Number         0  at32f403a_407_debug.o ABSOLUTE
    ..\..\libraries\drivers\src\at32f403a_407_exint.c 0x00000000   Number         0  at32f403a_407_exint.o ABSOLUTE
    ..\..\libraries\drivers\src\at32f403a_407_flash.c 0x00000000   Number         0  at32f403a_407_flash.o ABSOLUTE
    ..\..\libraries\drivers\src\at32f403a_407_gpio.c 0x00000000   Number         0  at32f403a_407_gpio.o ABSOLUTE
    ..\..\libraries\drivers\src\at32f403a_407_misc.c 0x00000000   Number         0  at32f403a_407_misc.o ABSOLUTE
    ..\..\libraries\drivers\src\at32f403a_407_pwc.c 0x00000000   Number         0  at32f403a_407_pwc.o ABSOLUTE
    ..\..\libraries\drivers\src\at32f403a_407_sdio.c 0x00000000   Number         0  at32f403a_407_sdio.o ABSOLUTE
    ..\..\libraries\drivers\src\at32f403a_407_usart.c 0x00000000   Number         0  at32f403a_407_usart.o ABSOLUTE
    ..\..\libraries\drivers\src\at32f403a_407_usb.c 0x00000000   Number         0  at32f403a_407_usb.o ABSOLUTE
    ..\\..\\libraries\\cmsis\\cm4\\device_support\\system_at32f403a_407.c 0x00000000   Number         0  system_at32f403a_407.o ABSOLUTE
    ..\\..\\libraries\\drivers\\src\\at32f403a_407_acc.c 0x00000000   Number         0  at32f403a_407_acc.o ABSOLUTE
    ..\\..\\libraries\\drivers\\src\\at32f403a_407_crm.c 0x00000000   Number         0  at32f403a_407_crm.o ABSOLUTE
    ..\\..\\libraries\\drivers\\src\\at32f403a_407_debug.c 0x00000000   Number         0  at32f403a_407_debug.o ABSOLUTE
    ..\\..\\libraries\\drivers\\src\\at32f403a_407_exint.c 0x00000000   Number         0  at32f403a_407_exint.o ABSOLUTE
    ..\\..\\libraries\\drivers\\src\\at32f403a_407_flash.c 0x00000000   Number         0  at32f403a_407_flash.o ABSOLUTE
    ..\\..\\libraries\\drivers\\src\\at32f403a_407_gpio.c 0x00000000   Number         0  at32f403a_407_gpio.o ABSOLUTE
    ..\\..\\libraries\\drivers\\src\\at32f403a_407_misc.c 0x00000000   Number         0  at32f403a_407_misc.o ABSOLUTE
    ..\\..\\libraries\\drivers\\src\\at32f403a_407_pwc.c 0x00000000   Number         0  at32f403a_407_pwc.o ABSOLUTE
    ..\\..\\libraries\\drivers\\src\\at32f403a_407_sdio.c 0x00000000   Number         0  at32f403a_407_sdio.o ABSOLUTE
    ..\\..\\libraries\\drivers\\src\\at32f403a_407_usart.c 0x00000000   Number         0  at32f403a_407_usart.o ABSOLUTE
    ..\\..\\libraries\\drivers\\src\\at32f403a_407_usb.c 0x00000000   Number         0  at32f403a_407_usb.o ABSOLUTE
    ..\\src\\at32f403a_407_int.c             0x00000000   Number         0  at32f403a_407_int.o ABSOLUTE
    ..\\src\\at32f403a_407_wk_config.c       0x00000000   Number         0  at32f403a_407_wk_config.o ABSOLUTE
    ..\\src\\main.c                          0x00000000   Number         0  main.o ABSOLUTE
    ..\\src\\wk_acc.c                        0x00000000   Number         0  wk_acc.o ABSOLUTE
    ..\\src\\wk_debug.c                      0x00000000   Number         0  wk_debug.o ABSOLUTE
    ..\\src\\wk_sdio.c                       0x00000000   Number         0  wk_sdio.o ABSOLUTE
    ..\\src\\wk_system.c                     0x00000000   Number         0  wk_system.o ABSOLUTE
    ..\\src\\wk_usart.c                      0x00000000   Number         0  wk_usart.o ABSOLUTE
    ..\\src\\wk_usbfs.c                      0x00000000   Number         0  wk_usbfs.o ABSOLUTE
    ..\src\at32f403a_407_int.c               0x00000000   Number         0  at32f403a_407_int.o ABSOLUTE
    ..\src\at32f403a_407_wk_config.c         0x00000000   Number         0  at32f403a_407_wk_config.o ABSOLUTE
    ..\src\main.c                            0x00000000   Number         0  main.o ABSOLUTE
    ..\src\wk_acc.c                          0x00000000   Number         0  wk_acc.o ABSOLUTE
    ..\src\wk_debug.c                        0x00000000   Number         0  wk_debug.o ABSOLUTE
    ..\src\wk_sdio.c                         0x00000000   Number         0  wk_sdio.o ABSOLUTE
    ..\src\wk_system.c                       0x00000000   Number         0  wk_system.o ABSOLUTE
    ..\src\wk_usart.c                        0x00000000   Number         0  wk_usart.o ABSOLUTE
    ..\src\wk_usbfs.c                        0x00000000   Number         0  wk_usbfs.o ABSOLUTE
    dc.s                                     0x00000000   Number         0  dc.o ABSOLUTE
    startup_at32f403a_407.s                  0x00000000   Number         0  startup_at32f403a_407.o ABSOLUTE
    RESET                                    0x08000000   Section      388  startup_at32f403a_407.o(RESET)
    !!!main                                  0x08000184   Section        8  __main.o(!!!main)
    !!!scatter                               0x0800018c   Section       52  __scatter.o(!!!scatter)
    !!handler_copy                           0x080001c0   Section       26  __scatter_copy.o(!!handler_copy)
    !!handler_zi                             0x080001dc   Section       28  __scatter_zi.o(!!handler_zi)
    .ARM.Collect$$libinit$$00000000          0x080001f8   Section        2  libinit.o(.ARM.Collect$$libinit$$00000000)
    .ARM.Collect$$libinit$$00000001          0x080001fa   Section        4  libinit2.o(.ARM.Collect$$libinit$$00000001)
    .ARM.Collect$$libinit$$00000004          0x080001fe   Section        0  libinit2.o(.ARM.Collect$$libinit$$00000004)
    .ARM.Collect$$libinit$$0000000A          0x080001fe   Section        0  libinit2.o(.ARM.Collect$$libinit$$0000000A)
    .ARM.Collect$$libinit$$0000000C          0x080001fe   Section        0  libinit2.o(.ARM.Collect$$libinit$$0000000C)
    .ARM.Collect$$libinit$$0000000E          0x080001fe   Section        0  libinit2.o(.ARM.Collect$$libinit$$0000000E)
    .ARM.Collect$$libinit$$00000011          0x080001fe   Section        0  libinit2.o(.ARM.Collect$$libinit$$00000011)
    .ARM.Collect$$libinit$$00000013          0x080001fe   Section        0  libinit2.o(.ARM.Collect$$libinit$$00000013)
    .ARM.Collect$$libinit$$00000015          0x080001fe   Section        0  libinit2.o(.ARM.Collect$$libinit$$00000015)
    .ARM.Collect$$libinit$$00000017          0x080001fe   Section        0  libinit2.o(.ARM.Collect$$libinit$$00000017)
    .ARM.Collect$$libinit$$00000019          0x080001fe   Section        0  libinit2.o(.ARM.Collect$$libinit$$00000019)
    .ARM.Collect$$libinit$$0000001B          0x080001fe   Section        0  libinit2.o(.ARM.Collect$$libinit$$0000001B)
    .ARM.Collect$$libinit$$0000001D          0x080001fe   Section        0  libinit2.o(.ARM.Collect$$libinit$$0000001D)
    .ARM.Collect$$libinit$$0000001F          0x080001fe   Section        0  libinit2.o(.ARM.Collect$$libinit$$0000001F)
    .ARM.Collect$$libinit$$00000021          0x080001fe   Section        0  libinit2.o(.ARM.Collect$$libinit$$00000021)
    .ARM.Collect$$libinit$$00000023          0x080001fe   Section        0  libinit2.o(.ARM.Collect$$libinit$$00000023)
    .ARM.Collect$$libinit$$00000025          0x080001fe   Section        0  libinit2.o(.ARM.Collect$$libinit$$00000025)
    .ARM.Collect$$libinit$$0000002C          0x080001fe   Section        0  libinit2.o(.ARM.Collect$$libinit$$0000002C)
    .ARM.Collect$$libinit$$0000002E          0x080001fe   Section        0  libinit2.o(.ARM.Collect$$libinit$$0000002E)
    .ARM.Collect$$libinit$$00000030          0x080001fe   Section        0  libinit2.o(.ARM.Collect$$libinit$$00000030)
    .ARM.Collect$$libinit$$00000032          0x080001fe   Section        0  libinit2.o(.ARM.Collect$$libinit$$00000032)
    .ARM.Collect$$libinit$$00000033          0x080001fe   Section        2  libinit2.o(.ARM.Collect$$libinit$$00000033)
    .ARM.Collect$$libshutdown$$00000000      0x08000200   Section        2  libshutdown.o(.ARM.Collect$$libshutdown$$00000000)
    .ARM.Collect$$libshutdown$$00000002      0x08000202   Section        0  libshutdown2.o(.ARM.Collect$$libshutdown$$00000002)
    .ARM.Collect$$libshutdown$$00000004      0x08000202   Section        0  libshutdown2.o(.ARM.Collect$$libshutdown$$00000004)
    .ARM.Collect$$libshutdown$$00000007      0x08000202   Section        0  libshutdown2.o(.ARM.Collect$$libshutdown$$00000007)
    .ARM.Collect$$libshutdown$$0000000A      0x08000202   Section        0  libshutdown2.o(.ARM.Collect$$libshutdown$$0000000A)
    .ARM.Collect$$libshutdown$$0000000C      0x08000202   Section        0  libshutdown2.o(.ARM.Collect$$libshutdown$$0000000C)
    .ARM.Collect$$libshutdown$$0000000F      0x08000202   Section        0  libshutdown2.o(.ARM.Collect$$libshutdown$$0000000F)
    .ARM.Collect$$libshutdown$$00000010      0x08000202   Section        2  libshutdown2.o(.ARM.Collect$$libshutdown$$00000010)
    .ARM.Collect$$rtentry$$00000000          0x08000204   Section        0  __rtentry.o(.ARM.Collect$$rtentry$$00000000)
    .ARM.Collect$$rtentry$$00000002          0x08000204   Section        0  __rtentry2.o(.ARM.Collect$$rtentry$$00000002)
    .ARM.Collect$$rtentry$$00000004          0x08000204   Section        6  __rtentry4.o(.ARM.Collect$$rtentry$$00000004)
    .ARM.Collect$$rtentry$$00000009          0x0800020a   Section        0  __rtentry2.o(.ARM.Collect$$rtentry$$00000009)
    .ARM.Collect$$rtentry$$0000000A          0x0800020a   Section        4  __rtentry2.o(.ARM.Collect$$rtentry$$0000000A)
    .ARM.Collect$$rtentry$$0000000C          0x0800020e   Section        0  __rtentry2.o(.ARM.Collect$$rtentry$$0000000C)
    .ARM.Collect$$rtentry$$0000000D          0x0800020e   Section        8  __rtentry2.o(.ARM.Collect$$rtentry$$0000000D)
    .ARM.Collect$$rtexit$$00000000           0x08000216   Section        2  rtexit.o(.ARM.Collect$$rtexit$$00000000)
    .ARM.Collect$$rtexit$$00000002           0x08000218   Section        0  rtexit2.o(.ARM.Collect$$rtexit$$00000002)
    .ARM.Collect$$rtexit$$00000003           0x08000218   Section        4  rtexit2.o(.ARM.Collect$$rtexit$$00000003)
    .ARM.Collect$$rtexit$$00000004           0x0800021c   Section        6  rtexit2.o(.ARM.Collect$$rtexit$$00000004)
    .text                                    0x08000224   Section       64  startup_at32f403a_407.o(.text)
    $v0                                      0x08000224   Number         0  startup_at32f403a_407.o(.text)
    .text                                    0x08000264   Section        2  use_no_semi_2.o(.text)
    .text                                    0x08000268   Section        0  noretval__2printf.o(.text)
    .text                                    0x08000280   Section        0  heapauxi.o(.text)
    .text                                    0x08000286   Section        2  use_no_semi.o(.text)
    .text                                    0x08000288   Section        0  _printf_char_file.o(.text)
    .text                                    0x080002ac   Section        0  _printf_char_common.o(.text)
    _printf_input_char                       0x080002ad   Thumb Code    10  _printf_char_common.o(.text)
    .text                                    0x080002dc   Section        0  ferror.o(.text)
    .text                                    0x080002e4   Section       74  sys_stackheap_outer.o(.text)
    .text                                    0x0800032e   Section        0  __printf_nopercent.o(.text)
    .text                                    0x08000356   Section        0  exit.o(.text)
    .text                                    0x08000368   Section        8  libspace.o(.text)
    i.BusFault_Handler                       0x08000370   Section        0  at32f403a_407_int.o(i.BusFault_Handler)
    i.DebugMon_Handler                       0x08000374   Section        0  at32f403a_407_int.o(i.DebugMon_Handler)
    i.HardFault_Handler                      0x08000376   Section        0  at32f403a_407_int.o(i.HardFault_Handler)
    i.MemManage_Handler                      0x0800037a   Section        0  at32f403a_407_int.o(i.MemManage_Handler)
    i.NMI_Handler                            0x0800037e   Section        0  at32f403a_407_int.o(i.NMI_Handler)
    i.NVIC_EncodePriority                    0x08000380   Section        0  at32f403a_407_wk_config.o(i.NVIC_EncodePriority)
    NVIC_EncodePriority                      0x08000381   Thumb Code    64  at32f403a_407_wk_config.o(i.NVIC_EncodePriority)
    i.PendSV_Handler                         0x080003c0   Section        0  at32f403a_407_int.o(i.PendSV_Handler)
    i.SDIO2_IRQHandler                       0x080003c2   Section        0  at32f403a_407_int.o(i.SDIO2_IRQHandler)
    i.SVC_Handler                            0x080003c4   Section        0  at32f403a_407_int.o(i.SVC_Handler)
    i.SysTick_Handler                        0x080003c6   Section        0  at32f403a_407_int.o(i.SysTick_Handler)
    i.SystemInit                             0x080003d0   Section        0  system_at32f403a_407.o(i.SystemInit)
    i.USBFS_MAPL_IRQHandler                  0x08000440   Section        0  at32f403a_407_int.o(i.USBFS_MAPL_IRQHandler)
    i.UsageFault_Handler                     0x08000442   Section        0  at32f403a_407_int.o(i.UsageFault_Handler)
    i.__NVIC_GetPriorityGrouping             0x08000448   Section        0  at32f403a_407_wk_config.o(i.__NVIC_GetPriorityGrouping)
    __NVIC_GetPriorityGrouping               0x08000449   Thumb Code    10  at32f403a_407_wk_config.o(i.__NVIC_GetPriorityGrouping)
    i.__NVIC_SetPriority                     0x08000458   Section        0  at32f403a_407_wk_config.o(i.__NVIC_SetPriority)
    __NVIC_SetPriority                       0x08000459   Thumb Code    32  at32f403a_407_wk_config.o(i.__NVIC_SetPriority)
    i._sys_exit                              0x08000480   Section        0  wk_system.o(i._sys_exit)
    i.acc_calibration_mode_enable            0x08000484   Section        0  at32f403a_407_acc.o(i.acc_calibration_mode_enable)
    i.acc_write_c1                           0x080004b4   Section        0  at32f403a_407_acc.o(i.acc_write_c1)
    i.acc_write_c2                           0x080004c0   Section        0  at32f403a_407_acc.o(i.acc_write_c2)
    i.acc_write_c3                           0x080004cc   Section        0  at32f403a_407_acc.o(i.acc_write_c3)
    i.crm_ahb_div_set                        0x080004d8   Section        0  at32f403a_407_crm.o(i.crm_ahb_div_set)
    i.crm_apb1_div_set                       0x080004ec   Section        0  at32f403a_407_crm.o(i.crm_apb1_div_set)
    i.crm_apb2_div_set                       0x08000500   Section        0  at32f403a_407_crm.o(i.crm_apb2_div_set)
    i.crm_auto_step_mode_enable              0x08000514   Section        0  at32f403a_407_crm.o(i.crm_auto_step_mode_enable)
    i.crm_clock_source_enable                0x0800053c   Section        0  at32f403a_407_crm.o(i.crm_clock_source_enable)
    i.crm_clocks_freq_get                    0x0800059c   Section        0  at32f403a_407_crm.o(i.crm_clocks_freq_get)
    i.crm_flag_get                           0x080006c8   Section        0  at32f403a_407_crm.o(i.crm_flag_get)
    i.crm_hick_divider_select                0x080006f8   Section        0  at32f403a_407_crm.o(i.crm_hick_divider_select)
    i.crm_hick_sclk_frequency_select         0x0800070c   Section        0  at32f403a_407_crm.o(i.crm_hick_sclk_frequency_select)
    i.crm_periph_clock_enable                0x08000728   Section        0  at32f403a_407_crm.o(i.crm_periph_clock_enable)
    i.crm_pll_config                         0x0800076c   Section        0  at32f403a_407_crm.o(i.crm_pll_config)
    i.crm_reset                              0x080007e8   Section        0  at32f403a_407_crm.o(i.crm_reset)
    i.crm_sysclk_switch                      0x08000840   Section        0  at32f403a_407_crm.o(i.crm_sysclk_switch)
    i.crm_sysclk_switch_status_get           0x0800087c   Section        0  at32f403a_407_crm.o(i.crm_sysclk_switch_status_get)
    i.crm_usb_clock_source_select            0x0800088c   Section        0  at32f403a_407_crm.o(i.crm_usb_clock_source_select)
    i.crm_usb_interrupt_remapping_set        0x080008ac   Section        0  at32f403a_407_crm.o(i.crm_usb_interrupt_remapping_set)
    i.fputc                                  0x080008c0   Section        0  wk_system.o(i.fputc)
    i.gpio_default_para_init                 0x080008f4   Section        0  at32f403a_407_gpio.o(i.gpio_default_para_init)
    i.gpio_init                              0x0800090a   Section        0  at32f403a_407_gpio.o(i.gpio_init)
    i.gpio_pin_remap_config                  0x080009b4   Section        0  at32f403a_407_gpio.o(i.gpio_pin_remap_config)
    i.main                                   0x08000a00   Section        0  main.o(i.main)
    i.nvic_irq_enable                        0x08000a48   Section        0  at32f403a_407_misc.o(i.nvic_irq_enable)
    i.nvic_priority_group_config             0x08000b10   Section        0  at32f403a_407_misc.o(i.nvic_priority_group_config)
    i.sdio_bus_width_config                  0x08000b38   Section        0  at32f403a_407_sdio.o(i.sdio_bus_width_config)
    i.sdio_clock_bypass                      0x08000b42   Section        0  at32f403a_407_sdio.o(i.sdio_clock_bypass)
    i.sdio_clock_config                      0x08000b4c   Section        0  at32f403a_407_sdio.o(i.sdio_clock_config)
    i.sdio_clock_enable                      0x08000b6a   Section        0  at32f403a_407_sdio.o(i.sdio_clock_enable)
    i.sdio_flow_control_enable               0x08000b74   Section        0  at32f403a_407_sdio.o(i.sdio_flow_control_enable)
    i.sdio_power_saving_mode_enable          0x08000b7e   Section        0  at32f403a_407_sdio.o(i.sdio_power_saving_mode_enable)
    i.sdio_power_set                         0x08000b88   Section        0  at32f403a_407_sdio.o(i.sdio_power_set)
    i.system_core_clock_update               0x08000b94   Section        0  system_at32f403a_407.o(i.system_core_clock_update)
    i.systick_clock_source_config            0x08000c8c   Section        0  at32f403a_407_misc.o(i.systick_clock_source_config)
    i.usart_data_transmit                    0x08000cb4   Section        0  at32f403a_407_usart.o(i.usart_data_transmit)
    i.usart_enable                           0x08000cbc   Section        0  at32f403a_407_usart.o(i.usart_enable)
    i.usart_flag_get                         0x08000cc6   Section        0  at32f403a_407_usart.o(i.usart_flag_get)
    i.usart_hardware_flow_control_set        0x08000cd6   Section        0  at32f403a_407_usart.o(i.usart_hardware_flow_control_set)
    i.usart_init                             0x08000d3c   Section        0  at32f403a_407_usart.o(i.usart_init)
    i.usart_parity_selection_config          0x08000dc4   Section        0  at32f403a_407_usart.o(i.usart_parity_selection_config)
    i.usart_receiver_enable                  0x08000e10   Section        0  at32f403a_407_usart.o(i.usart_receiver_enable)
    i.usart_transmitter_enable               0x08000e1a   Section        0  at32f403a_407_usart.o(i.usart_transmitter_enable)
    i.wk_acc_init                            0x08000e24   Section        0  wk_acc.o(i.wk_acc_init)
    i.wk_debug_config                        0x08000e48   Section        0  wk_debug.o(i.wk_debug_config)
    i.wk_delay_ms                            0x08000e58   Section        0  wk_system.o(i.wk_delay_ms)
    i.wk_nvic_config                         0x08000e76   Section        0  at32f403a_407_wk_config.o(i.wk_nvic_config)
    i.wk_periph_clock_config                 0x08000f4c   Section        0  at32f403a_407_wk_config.o(i.wk_periph_clock_config)
    i.wk_sdio2_init                          0x08000f9c   Section        0  wk_sdio.o(i.wk_sdio2_init)
    i.wk_system_clock_config                 0x080010d0   Section        0  at32f403a_407_wk_config.o(i.wk_system_clock_config)
    i.wk_timebase_get                        0x08001154   Section        0  wk_system.o(i.wk_timebase_get)
    i.wk_timebase_handler                    0x08001160   Section        0  wk_system.o(i.wk_timebase_handler)
    i.wk_timebase_increase                   0x08001168   Section        0  wk_system.o(i.wk_timebase_increase)
    i.wk_timebase_init                       0x08001178   Section        0  wk_system.o(i.wk_timebase_init)
    i.wk_usart1_init                         0x080011b0   Section        0  wk_usart.o(i.wk_usart1_init)
    i.wk_usbfs_init                          0x08001240   Section        0  wk_usbfs.o(i.wk_usbfs_init)
    x$fpl$fpinit                             0x08001250   Section       10  fpinit.o(x$fpl$fpinit)
    $v0                                      0x08001250   Number         0  fpinit.o(x$fpl$fpinit)
    .constdata                               0x0800125a   Section       40  at32f403a_407_crm.o(.constdata)
    sclk_ahb_div_table                       0x0800125a   Data          16  at32f403a_407_crm.o(.constdata)
    ahb_apb1_div_table                       0x0800126a   Data           8  at32f403a_407_crm.o(.constdata)
    ahb_apb2_div_table                       0x08001272   Data           8  at32f403a_407_crm.o(.constdata)
    adc_div_table                            0x0800127a   Data           8  at32f403a_407_crm.o(.constdata)
    .constdata                               0x08001282   Section       16  system_at32f403a_407.o(.constdata)
    sys_ahb_div_table                        0x08001282   Data          16  system_at32f403a_407.o(.constdata)
    .data                                    0x20000000   Section        8  wk_system.o(.data)
    .data                                    0x20000008   Section        4  system_at32f403a_407.o(.data)
    .bss                                     0x2000000c   Section       96  libspace.o(.bss)
    HEAP                                     0x20000070   Section      512  startup_at32f403a_407.o(HEAP)
    Heap_Mem                                 0x20000070   Data         512  startup_at32f403a_407.o(HEAP)
    STACK                                    0x20000270   Section     1024  startup_at32f403a_407.o(STACK)
    Stack_Mem                                0x20000270   Data        1024  startup_at32f403a_407.o(STACK)
    __initial_sp                             0x20000670   Data           0  startup_at32f403a_407.o(STACK)

    Global Symbols

    Symbol Name                              Value     Ov Type        Size  Object(Section)

    BuildAttributes$$THM_ISAv4$E$P$D$K$B$S$7EM$VFPi3$EXTD16$VFPS$VFMA$PE$A:L22UL41UL21$X:L11$S22US41US21$IEEE1$IW$USESV6$~STKCKD$USESV7$~SHL$OSPACE$ROPI$EBA8$UX$STANDARDLIB$REQ8$PRES8$EABIv2 0x00000000   Number         0  anon$$obj.o ABSOLUTE
    __ARM_use_no_argv                        0x00000000   Number         0  main.o ABSOLUTE
    __ARM_exceptions_init                     - Undefined Weak Reference
    __alloca_initialize                       - Undefined Weak Reference
    __arm_preinit_                            - Undefined Weak Reference
    __cpp_initialize__aeabi_                  - Undefined Weak Reference
    __cxa_finalize                            - Undefined Weak Reference
    __rt_locale                               - Undefined Weak Reference
    __sigvec_lookup                           - Undefined Weak Reference
    _atexit_init                              - Undefined Weak Reference
    _call_atexit_fns                          - Undefined Weak Reference
    _clock_init                               - Undefined Weak Reference
    _fp_trap_init                             - Undefined Weak Reference
    _fp_trap_shutdown                         - Undefined Weak Reference
    _get_lc_collate                           - Undefined Weak Reference
    _get_lc_ctype                             - Undefined Weak Reference
    _get_lc_monetary                          - Undefined Weak Reference
    _get_lc_numeric                           - Undefined Weak Reference
    _get_lc_time                              - Undefined Weak Reference
    _getenv_init                              - Undefined Weak Reference
    _handle_redirection                       - Undefined Weak Reference
    _init_alloc                               - Undefined Weak Reference
    _init_user_alloc                          - Undefined Weak Reference
    _initio                                   - Undefined Weak Reference
    _mutex_acquire                            - Undefined Weak Reference
    _mutex_release                            - Undefined Weak Reference
    _rand_init                                - Undefined Weak Reference
    _signal_finish                            - Undefined Weak Reference
    _signal_init                              - Undefined Weak Reference
    _terminate_alloc                          - Undefined Weak Reference
    _terminate_user_alloc                     - Undefined Weak Reference
    _terminateio                              - Undefined Weak Reference
    __Vectors_Size                           0x00000184   Number         0  startup_at32f403a_407.o ABSOLUTE
    __Vectors                                0x08000000   Data           4  startup_at32f403a_407.o(RESET)
    __Vectors_End                            0x08000184   Data           0  startup_at32f403a_407.o(RESET)
    __main                                   0x08000185   Thumb Code     8  __main.o(!!!main)
    __scatterload                            0x0800018d   Thumb Code     0  __scatter.o(!!!scatter)
    __scatterload_rt2                        0x0800018d   Thumb Code    44  __scatter.o(!!!scatter)
    __scatterload_rt2_thumb_only             0x0800018d   Thumb Code     0  __scatter.o(!!!scatter)
    __scatterload_null                       0x0800019b   Thumb Code     0  __scatter.o(!!!scatter)
    __scatterload_copy                       0x080001c1   Thumb Code    26  __scatter_copy.o(!!handler_copy)
    __scatterload_zeroinit                   0x080001dd   Thumb Code    28  __scatter_zi.o(!!handler_zi)
    __rt_lib_init                            0x080001f9   Thumb Code     0  libinit.o(.ARM.Collect$$libinit$$00000000)
    __rt_lib_init_fp_1                       0x080001fb   Thumb Code     0  libinit2.o(.ARM.Collect$$libinit$$00000001)
    __rt_lib_init_alloca_1                   0x080001ff   Thumb Code     0  libinit2.o(.ARM.Collect$$libinit$$0000002E)
    __rt_lib_init_argv_1                     0x080001ff   Thumb Code     0  libinit2.o(.ARM.Collect$$libinit$$0000002C)
    __rt_lib_init_atexit_1                   0x080001ff   Thumb Code     0  libinit2.o(.ARM.Collect$$libinit$$0000001B)
    __rt_lib_init_clock_1                    0x080001ff   Thumb Code     0  libinit2.o(.ARM.Collect$$libinit$$00000021)
    __rt_lib_init_cpp_1                      0x080001ff   Thumb Code     0  libinit2.o(.ARM.Collect$$libinit$$00000032)
    __rt_lib_init_exceptions_1               0x080001ff   Thumb Code     0  libinit2.o(.ARM.Collect$$libinit$$00000030)
    __rt_lib_init_fp_trap_1                  0x080001ff   Thumb Code     0  libinit2.o(.ARM.Collect$$libinit$$0000001F)
    __rt_lib_init_getenv_1                   0x080001ff   Thumb Code     0  libinit2.o(.ARM.Collect$$libinit$$00000023)
    __rt_lib_init_heap_1                     0x080001ff   Thumb Code     0  libinit2.o(.ARM.Collect$$libinit$$0000000A)
    __rt_lib_init_lc_collate_1               0x080001ff   Thumb Code     0  libinit2.o(.ARM.Collect$$libinit$$00000011)
    __rt_lib_init_lc_ctype_1                 0x080001ff   Thumb Code     0  libinit2.o(.ARM.Collect$$libinit$$00000013)
    __rt_lib_init_lc_monetary_1              0x080001ff   Thumb Code     0  libinit2.o(.ARM.Collect$$libinit$$00000015)
    __rt_lib_init_lc_numeric_1               0x080001ff   Thumb Code     0  libinit2.o(.ARM.Collect$$libinit$$00000017)
    __rt_lib_init_lc_time_1                  0x080001ff   Thumb Code     0  libinit2.o(.ARM.Collect$$libinit$$00000019)
    __rt_lib_init_preinit_1                  0x080001ff   Thumb Code     0  libinit2.o(.ARM.Collect$$libinit$$00000004)
    __rt_lib_init_rand_1                     0x080001ff   Thumb Code     0  libinit2.o(.ARM.Collect$$libinit$$0000000E)
    __rt_lib_init_return                     0x080001ff   Thumb Code     0  libinit2.o(.ARM.Collect$$libinit$$00000033)
    __rt_lib_init_signal_1                   0x080001ff   Thumb Code     0  libinit2.o(.ARM.Collect$$libinit$$0000001D)
    __rt_lib_init_stdio_1                    0x080001ff   Thumb Code     0  libinit2.o(.ARM.Collect$$libinit$$00000025)
    __rt_lib_init_user_alloc_1               0x080001ff   Thumb Code     0  libinit2.o(.ARM.Collect$$libinit$$0000000C)
    __rt_lib_shutdown                        0x08000201   Thumb Code     0  libshutdown.o(.ARM.Collect$$libshutdown$$00000000)
    __rt_lib_shutdown_cpp_1                  0x08000203   Thumb Code     0  libshutdown2.o(.ARM.Collect$$libshutdown$$00000002)
    __rt_lib_shutdown_fp_trap_1              0x08000203   Thumb Code     0  libshutdown2.o(.ARM.Collect$$libshutdown$$00000007)
    __rt_lib_shutdown_heap_1                 0x08000203   Thumb Code     0  libshutdown2.o(.ARM.Collect$$libshutdown$$0000000F)
    __rt_lib_shutdown_return                 0x08000203   Thumb Code     0  libshutdown2.o(.ARM.Collect$$libshutdown$$00000010)
    __rt_lib_shutdown_signal_1               0x08000203   Thumb Code     0  libshutdown2.o(.ARM.Collect$$libshutdown$$0000000A)
    __rt_lib_shutdown_stdio_1                0x08000203   Thumb Code     0  libshutdown2.o(.ARM.Collect$$libshutdown$$00000004)
    __rt_lib_shutdown_user_alloc_1           0x08000203   Thumb Code     0  libshutdown2.o(.ARM.Collect$$libshutdown$$0000000C)
    __rt_entry                               0x08000205   Thumb Code     0  __rtentry.o(.ARM.Collect$$rtentry$$00000000)
    __rt_entry_presh_1                       0x08000205   Thumb Code     0  __rtentry2.o(.ARM.Collect$$rtentry$$00000002)
    __rt_entry_sh                            0x08000205   Thumb Code     0  __rtentry4.o(.ARM.Collect$$rtentry$$00000004)
    __rt_entry_li                            0x0800020b   Thumb Code     0  __rtentry2.o(.ARM.Collect$$rtentry$$0000000A)
    __rt_entry_postsh_1                      0x0800020b   Thumb Code     0  __rtentry2.o(.ARM.Collect$$rtentry$$00000009)
    __rt_entry_main                          0x0800020f   Thumb Code     0  __rtentry2.o(.ARM.Collect$$rtentry$$0000000D)
    __rt_entry_postli_1                      0x0800020f   Thumb Code     0  __rtentry2.o(.ARM.Collect$$rtentry$$0000000C)
    __rt_exit                                0x08000217   Thumb Code     0  rtexit.o(.ARM.Collect$$rtexit$$00000000)
    __rt_exit_ls                             0x08000219   Thumb Code     0  rtexit2.o(.ARM.Collect$$rtexit$$00000003)
    __rt_exit_prels_1                        0x08000219   Thumb Code     0  rtexit2.o(.ARM.Collect$$rtexit$$00000002)
    __rt_exit_exit                           0x0800021d   Thumb Code     0  rtexit2.o(.ARM.Collect$$rtexit$$00000004)
    Reset_Handler                            0x08000225   Thumb Code     8  startup_at32f403a_407.o(.text)
    ACC_IRQHandler                           0x0800023f   Thumb Code     0  startup_at32f403a_407.o(.text)
    ADC1_2_IRQHandler                        0x0800023f   Thumb Code     0  startup_at32f403a_407.o(.text)
    ADC3_IRQHandler                          0x0800023f   Thumb Code     0  startup_at32f403a_407.o(.text)
    CAN1_RX1_IRQHandler                      0x0800023f   Thumb Code     0  startup_at32f403a_407.o(.text)
    CAN1_SE_IRQHandler                       0x0800023f   Thumb Code     0  startup_at32f403a_407.o(.text)
    CAN2_RX0_IRQHandler                      0x0800023f   Thumb Code     0  startup_at32f403a_407.o(.text)
    CAN2_RX1_IRQHandler                      0x0800023f   Thumb Code     0  startup_at32f403a_407.o(.text)
    CAN2_SE_IRQHandler                       0x0800023f   Thumb Code     0  startup_at32f403a_407.o(.text)
    CAN2_TX_IRQHandler                       0x0800023f   Thumb Code     0  startup_at32f403a_407.o(.text)
    CRM_IRQHandler                           0x0800023f   Thumb Code     0  startup_at32f403a_407.o(.text)
    DMA1_Channel1_IRQHandler                 0x0800023f   Thumb Code     0  startup_at32f403a_407.o(.text)
    DMA1_Channel2_IRQHandler                 0x0800023f   Thumb Code     0  startup_at32f403a_407.o(.text)
    DMA1_Channel3_IRQHandler                 0x0800023f   Thumb Code     0  startup_at32f403a_407.o(.text)
    DMA1_Channel4_IRQHandler                 0x0800023f   Thumb Code     0  startup_at32f403a_407.o(.text)
    DMA1_Channel5_IRQHandler                 0x0800023f   Thumb Code     0  startup_at32f403a_407.o(.text)
    DMA1_Channel6_IRQHandler                 0x0800023f   Thumb Code     0  startup_at32f403a_407.o(.text)
    DMA1_Channel7_IRQHandler                 0x0800023f   Thumb Code     0  startup_at32f403a_407.o(.text)
    DMA2_Channel1_IRQHandler                 0x0800023f   Thumb Code     0  startup_at32f403a_407.o(.text)
    DMA2_Channel2_IRQHandler                 0x0800023f   Thumb Code     0  startup_at32f403a_407.o(.text)
    DMA2_Channel3_IRQHandler                 0x0800023f   Thumb Code     0  startup_at32f403a_407.o(.text)
    DMA2_Channel4_5_IRQHandler               0x0800023f   Thumb Code     0  startup_at32f403a_407.o(.text)
    DMA2_Channel6_7_IRQHandler               0x0800023f   Thumb Code     0  startup_at32f403a_407.o(.text)
    EMAC_IRQHandler                          0x0800023f   Thumb Code     0  startup_at32f403a_407.o(.text)
    EMAC_WKUP_IRQHandler                     0x0800023f   Thumb Code     0  startup_at32f403a_407.o(.text)
    EXINT0_IRQHandler                        0x0800023f   Thumb Code     0  startup_at32f403a_407.o(.text)
    EXINT15_10_IRQHandler                    0x0800023f   Thumb Code     0  startup_at32f403a_407.o(.text)
    EXINT1_IRQHandler                        0x0800023f   Thumb Code     0  startup_at32f403a_407.o(.text)
    EXINT2_IRQHandler                        0x0800023f   Thumb Code     0  startup_at32f403a_407.o(.text)
    EXINT3_IRQHandler                        0x0800023f   Thumb Code     0  startup_at32f403a_407.o(.text)
    EXINT4_IRQHandler                        0x0800023f   Thumb Code     0  startup_at32f403a_407.o(.text)
    EXINT9_5_IRQHandler                      0x0800023f   Thumb Code     0  startup_at32f403a_407.o(.text)
    FLASH_IRQHandler                         0x0800023f   Thumb Code     0  startup_at32f403a_407.o(.text)
    I2C1_ERR_IRQHandler                      0x0800023f   Thumb Code     0  startup_at32f403a_407.o(.text)
    I2C1_EVT_IRQHandler                      0x0800023f   Thumb Code     0  startup_at32f403a_407.o(.text)
    I2C2_ERR_IRQHandler                      0x0800023f   Thumb Code     0  startup_at32f403a_407.o(.text)
    I2C2_EVT_IRQHandler                      0x0800023f   Thumb Code     0  startup_at32f403a_407.o(.text)
    I2C3_ERR_IRQHandler                      0x0800023f   Thumb Code     0  startup_at32f403a_407.o(.text)
    I2C3_EVT_IRQHandler                      0x0800023f   Thumb Code     0  startup_at32f403a_407.o(.text)
    PVM_IRQHandler                           0x0800023f   Thumb Code     0  startup_at32f403a_407.o(.text)
    RTCAlarm_IRQHandler                      0x0800023f   Thumb Code     0  startup_at32f403a_407.o(.text)
    RTC_IRQHandler                           0x0800023f   Thumb Code     0  startup_at32f403a_407.o(.text)
    SDIO1_IRQHandler                         0x0800023f   Thumb Code     0  startup_at32f403a_407.o(.text)
    SPI1_IRQHandler                          0x0800023f   Thumb Code     0  startup_at32f403a_407.o(.text)
    SPI2_I2S2EXT_IRQHandler                  0x0800023f   Thumb Code     0  startup_at32f403a_407.o(.text)
    SPI3_I2S3EXT_IRQHandler                  0x0800023f   Thumb Code     0  startup_at32f403a_407.o(.text)
    SPI4_IRQHandler                          0x0800023f   Thumb Code     0  startup_at32f403a_407.o(.text)
    TAMPER_IRQHandler                        0x0800023f   Thumb Code     0  startup_at32f403a_407.o(.text)
    TMR1_BRK_TMR9_IRQHandler                 0x0800023f   Thumb Code     0  startup_at32f403a_407.o(.text)
    TMR1_CH_IRQHandler                       0x0800023f   Thumb Code     0  startup_at32f403a_407.o(.text)
    TMR1_OVF_TMR10_IRQHandler                0x0800023f   Thumb Code     0  startup_at32f403a_407.o(.text)
    TMR1_TRG_HALL_TMR11_IRQHandler           0x0800023f   Thumb Code     0  startup_at32f403a_407.o(.text)
    TMR2_GLOBAL_IRQHandler                   0x0800023f   Thumb Code     0  startup_at32f403a_407.o(.text)
    TMR3_GLOBAL_IRQHandler                   0x0800023f   Thumb Code     0  startup_at32f403a_407.o(.text)
    TMR4_GLOBAL_IRQHandler                   0x0800023f   Thumb Code     0  startup_at32f403a_407.o(.text)
    TMR5_GLOBAL_IRQHandler                   0x0800023f   Thumb Code     0  startup_at32f403a_407.o(.text)
    TMR6_GLOBAL_IRQHandler                   0x0800023f   Thumb Code     0  startup_at32f403a_407.o(.text)
    TMR7_GLOBAL_IRQHandler                   0x0800023f   Thumb Code     0  startup_at32f403a_407.o(.text)
    TMR8_BRK_TMR12_IRQHandler                0x0800023f   Thumb Code     0  startup_at32f403a_407.o(.text)
    TMR8_CH_IRQHandler                       0x0800023f   Thumb Code     0  startup_at32f403a_407.o(.text)
    TMR8_OVF_TMR13_IRQHandler                0x0800023f   Thumb Code     0  startup_at32f403a_407.o(.text)
    TMR8_TRG_HALL_TMR14_IRQHandler           0x0800023f   Thumb Code     0  startup_at32f403a_407.o(.text)
    UART4_IRQHandler                         0x0800023f   Thumb Code     0  startup_at32f403a_407.o(.text)
    UART5_IRQHandler                         0x0800023f   Thumb Code     0  startup_at32f403a_407.o(.text)
    UART7_IRQHandler                         0x0800023f   Thumb Code     0  startup_at32f403a_407.o(.text)
    UART8_IRQHandler                         0x0800023f   Thumb Code     0  startup_at32f403a_407.o(.text)
    USART1_IRQHandler                        0x0800023f   Thumb Code     0  startup_at32f403a_407.o(.text)
    USART2_IRQHandler                        0x0800023f   Thumb Code     0  startup_at32f403a_407.o(.text)
    USART3_IRQHandler                        0x0800023f   Thumb Code     0  startup_at32f403a_407.o(.text)
    USART6_IRQHandler                        0x0800023f   Thumb Code     0  startup_at32f403a_407.o(.text)
    USBFSWakeUp_IRQHandler                   0x0800023f   Thumb Code     0  startup_at32f403a_407.o(.text)
    USBFS_H_CAN1_TX_IRQHandler               0x0800023f   Thumb Code     0  startup_at32f403a_407.o(.text)
    USBFS_L_CAN1_RX0_IRQHandler              0x0800023f   Thumb Code     0  startup_at32f403a_407.o(.text)
    USBFS_MAPH_IRQHandler                    0x0800023f   Thumb Code     0  startup_at32f403a_407.o(.text)
    WWDT_IRQHandler                          0x0800023f   Thumb Code     0  startup_at32f403a_407.o(.text)
    XMC_IRQHandler                           0x0800023f   Thumb Code     0  startup_at32f403a_407.o(.text)
    __user_initial_stackheap                 0x08000241   Thumb Code     0  startup_at32f403a_407.o(.text)
    __use_no_semihosting                     0x08000265   Thumb Code     2  use_no_semi_2.o(.text)
    __2printf                                0x08000269   Thumb Code    20  noretval__2printf.o(.text)
    __use_two_region_memory                  0x08000281   Thumb Code     2  heapauxi.o(.text)
    __rt_heap_escrow$2region                 0x08000283   Thumb Code     2  heapauxi.o(.text)
    __rt_heap_expand$2region                 0x08000285   Thumb Code     2  heapauxi.o(.text)
    __I$use$semihosting                      0x08000287   Thumb Code     0  use_no_semi.o(.text)
    __use_no_semihosting_swi                 0x08000287   Thumb Code     2  use_no_semi.o(.text)
    _printf_char_file                        0x08000289   Thumb Code    32  _printf_char_file.o(.text)
    _printf_char_common                      0x080002b7   Thumb Code    32  _printf_char_common.o(.text)
    ferror                                   0x080002dd   Thumb Code     8  ferror.o(.text)
    __user_setup_stackheap                   0x080002e5   Thumb Code    74  sys_stackheap_outer.o(.text)
    __printf                                 0x0800032f   Thumb Code    40  __printf_nopercent.o(.text)
    exit                                     0x08000357   Thumb Code    18  exit.o(.text)
    __user_libspace                          0x08000369   Thumb Code     8  libspace.o(.text)
    __user_perproc_libspace                  0x08000369   Thumb Code     0  libspace.o(.text)
    __user_perthread_libspace                0x08000369   Thumb Code     0  libspace.o(.text)
    BusFault_Handler                         0x08000371   Thumb Code     4  at32f403a_407_int.o(i.BusFault_Handler)
    DebugMon_Handler                         0x08000375   Thumb Code     2  at32f403a_407_int.o(i.DebugMon_Handler)
    HardFault_Handler                        0x08000377   Thumb Code     4  at32f403a_407_int.o(i.HardFault_Handler)
    MemManage_Handler                        0x0800037b   Thumb Code     4  at32f403a_407_int.o(i.MemManage_Handler)
    NMI_Handler                              0x0800037f   Thumb Code     2  at32f403a_407_int.o(i.NMI_Handler)
    PendSV_Handler                           0x080003c1   Thumb Code     2  at32f403a_407_int.o(i.PendSV_Handler)
    SDIO2_IRQHandler                         0x080003c3   Thumb Code     2  at32f403a_407_int.o(i.SDIO2_IRQHandler)
    SVC_Handler                              0x080003c5   Thumb Code     2  at32f403a_407_int.o(i.SVC_Handler)
    SysTick_Handler                          0x080003c7   Thumb Code     8  at32f403a_407_int.o(i.SysTick_Handler)
    SystemInit                               0x080003d1   Thumb Code   100  system_at32f403a_407.o(i.SystemInit)
    USBFS_MAPL_IRQHandler                    0x08000441   Thumb Code     2  at32f403a_407_int.o(i.USBFS_MAPL_IRQHandler)
    UsageFault_Handler                       0x08000443   Thumb Code     4  at32f403a_407_int.o(i.UsageFault_Handler)
    _sys_exit                                0x08000481   Thumb Code     2  wk_system.o(i._sys_exit)
    acc_calibration_mode_enable              0x08000485   Thumb Code    44  at32f403a_407_acc.o(i.acc_calibration_mode_enable)
    acc_write_c1                             0x080004b5   Thumb Code     6  at32f403a_407_acc.o(i.acc_write_c1)
    acc_write_c2                             0x080004c1   Thumb Code     6  at32f403a_407_acc.o(i.acc_write_c2)
    acc_write_c3                             0x080004cd   Thumb Code     6  at32f403a_407_acc.o(i.acc_write_c3)
    crm_ahb_div_set                          0x080004d9   Thumb Code    14  at32f403a_407_crm.o(i.crm_ahb_div_set)
    crm_apb1_div_set                         0x080004ed   Thumb Code    14  at32f403a_407_crm.o(i.crm_apb1_div_set)
    crm_apb2_div_set                         0x08000501   Thumb Code    14  at32f403a_407_crm.o(i.crm_apb2_div_set)
    crm_auto_step_mode_enable                0x08000515   Thumb Code    34  at32f403a_407_crm.o(i.crm_auto_step_mode_enable)
    crm_clock_source_enable                  0x0800053d   Thumb Code    90  at32f403a_407_crm.o(i.crm_clock_source_enable)
    crm_clocks_freq_get                      0x0800059d   Thumb Code   268  at32f403a_407_crm.o(i.crm_clocks_freq_get)
    crm_flag_get                             0x080006c9   Thumb Code    42  at32f403a_407_crm.o(i.crm_flag_get)
    crm_hick_divider_select                  0x080006f9   Thumb Code    14  at32f403a_407_crm.o(i.crm_hick_divider_select)
    crm_hick_sclk_frequency_select           0x0800070d   Thumb Code    24  at32f403a_407_crm.o(i.crm_hick_sclk_frequency_select)
    crm_periph_clock_enable                  0x08000729   Thumb Code    62  at32f403a_407_crm.o(i.crm_periph_clock_enable)
    crm_pll_config                           0x0800076d   Thumb Code   118  at32f403a_407_crm.o(i.crm_pll_config)
    crm_reset                                0x080007e9   Thumb Code    80  at32f403a_407_crm.o(i.crm_reset)
    crm_sysclk_switch                        0x08000841   Thumb Code    54  at32f403a_407_crm.o(i.crm_sysclk_switch)
    crm_sysclk_switch_status_get             0x0800087d   Thumb Code    10  at32f403a_407_crm.o(i.crm_sysclk_switch_status_get)
    crm_usb_clock_source_select              0x0800088d   Thumb Code    26  at32f403a_407_crm.o(i.crm_usb_clock_source_select)
    crm_usb_interrupt_remapping_set          0x080008ad   Thumb Code    14  at32f403a_407_crm.o(i.crm_usb_interrupt_remapping_set)
    fputc                                    0x080008c1   Thumb Code    46  wk_system.o(i.fputc)
    gpio_default_para_init                   0x080008f5   Thumb Code    22  at32f403a_407_gpio.o(i.gpio_default_para_init)
    gpio_init                                0x0800090b   Thumb Code   168  at32f403a_407_gpio.o(i.gpio_init)
    gpio_pin_remap_config                    0x080009b5   Thumb Code    70  at32f403a_407_gpio.o(i.gpio_pin_remap_config)
    main                                     0x08000a01   Thumb Code    54  main.o(i.main)
    nvic_irq_enable                          0x08000a49   Thumb Code   190  at32f403a_407_misc.o(i.nvic_irq_enable)
    nvic_priority_group_config               0x08000b11   Thumb Code    32  at32f403a_407_misc.o(i.nvic_priority_group_config)
    sdio_bus_width_config                    0x08000b39   Thumb Code    10  at32f403a_407_sdio.o(i.sdio_bus_width_config)
    sdio_clock_bypass                        0x08000b43   Thumb Code    10  at32f403a_407_sdio.o(i.sdio_clock_bypass)
    sdio_clock_config                        0x08000b4d   Thumb Code    30  at32f403a_407_sdio.o(i.sdio_clock_config)
    sdio_clock_enable                        0x08000b6b   Thumb Code    10  at32f403a_407_sdio.o(i.sdio_clock_enable)
    sdio_flow_control_enable                 0x08000b75   Thumb Code    10  at32f403a_407_sdio.o(i.sdio_flow_control_enable)
    sdio_power_saving_mode_enable            0x08000b7f   Thumb Code    10  at32f403a_407_sdio.o(i.sdio_power_saving_mode_enable)
    sdio_power_set                           0x08000b89   Thumb Code    10  at32f403a_407_sdio.o(i.sdio_power_set)
    system_core_clock_update                 0x08000b95   Thumb Code   222  system_at32f403a_407.o(i.system_core_clock_update)
    systick_clock_source_config              0x08000c8d   Thumb Code    40  at32f403a_407_misc.o(i.systick_clock_source_config)
    usart_data_transmit                      0x08000cb5   Thumb Code     8  at32f403a_407_usart.o(i.usart_data_transmit)
    usart_enable                             0x08000cbd   Thumb Code    10  at32f403a_407_usart.o(i.usart_enable)
    usart_flag_get                           0x08000cc7   Thumb Code    16  at32f403a_407_usart.o(i.usart_flag_get)
    usart_hardware_flow_control_set          0x08000cd7   Thumb Code   102  at32f403a_407_usart.o(i.usart_hardware_flow_control_set)
    usart_init                               0x08000d3d   Thumb Code   120  at32f403a_407_usart.o(i.usart_init)
    usart_parity_selection_config            0x08000dc5   Thumb Code    76  at32f403a_407_usart.o(i.usart_parity_selection_config)
    usart_receiver_enable                    0x08000e11   Thumb Code    10  at32f403a_407_usart.o(i.usart_receiver_enable)
    usart_transmitter_enable                 0x08000e1b   Thumb Code    10  at32f403a_407_usart.o(i.usart_transmitter_enable)
    wk_acc_init                              0x08000e25   Thumb Code    36  wk_acc.o(i.wk_acc_init)
    wk_debug_config                          0x08000e49   Thumb Code    12  wk_debug.o(i.wk_debug_config)
    wk_delay_ms                              0x08000e59   Thumb Code    30  wk_system.o(i.wk_delay_ms)
    wk_nvic_config                           0x08000e77   Thumb Code   212  at32f403a_407_wk_config.o(i.wk_nvic_config)
    wk_periph_clock_config                   0x08000f4d   Thumb Code    68  at32f403a_407_wk_config.o(i.wk_periph_clock_config)
    wk_sdio2_init                            0x08000f9d   Thumb Code   292  wk_sdio.o(i.wk_sdio2_init)
    wk_system_clock_config                   0x080010d1   Thumb Code   128  at32f403a_407_wk_config.o(i.wk_system_clock_config)
    wk_timebase_get                          0x08001155   Thumb Code     6  wk_system.o(i.wk_timebase_get)
    wk_timebase_handler                      0x08001161   Thumb Code     8  wk_system.o(i.wk_timebase_handler)
    wk_timebase_increase                     0x08001169   Thumb Code    12  wk_system.o(i.wk_timebase_increase)
    wk_timebase_init                         0x08001179   Thumb Code    56  wk_system.o(i.wk_timebase_init)
    wk_usart1_init                           0x080011b1   Thumb Code   136  wk_usart.o(i.wk_usart1_init)
    wk_usbfs_init                            0x08001241   Thumb Code    16  wk_usbfs.o(i.wk_usbfs_init)
    _fp_init                                 0x08001251   Thumb Code    10  fpinit.o(x$fpl$fpinit)
    __fplib_config_fpu_vfp                   0x08001259   Thumb Code     0  fpinit.o(x$fpl$fpinit)
    __fplib_config_pureend_doubles           0x08001259   Thumb Code     0  fpinit.o(x$fpl$fpinit)
    Region$$Table$$Base                      0x08001294   Number         0  anon$$obj.o(Region$$Table)
    Region$$Table$$Limit                     0x080012b4   Number         0  anon$$obj.o(Region$$Table)
    timebase_ticks                           0x20000000   Data           4  wk_system.o(.data)
    __stdout                                 0x20000004   Data           4  wk_system.o(.data)
    system_core_clock                        0x20000008   Data           4  system_at32f403a_407.o(.data)
    __libspace_start                         0x2000000c   Data          96  libspace.o(.bss)
    __temporary_stack_top$libspace           0x2000006c   Data           0  libspace.o(.bss)



==============================================================================

Memory Map of the image

  Image Entry point : 0x08000185

  Load Region LR_IROM1 (Base: 0x08000000, Size: 0x000012c0, Max: 0x00100000, ABSOLUTE)

    Execution Region ER_IROM1 (Exec base: 0x08000000, Load base: 0x08000000, Size: 0x000012b4, Max: 0x00100000, ABSOLUTE)

    Exec Addr    Load Addr    Size         Type   Attr      Idx    E Section Name        Object

    0x08000000   0x08000000   0x00000184   Data   RO         2010    RESET               startup_at32f403a_407.o
    0x08000184   0x08000184   0x00000008   Code   RO         2062  * !!!main             c_w.l(__main.o)
    0x0800018c   0x0800018c   0x00000034   Code   RO         2225    !!!scatter          c_w.l(__scatter.o)
    0x080001c0   0x080001c0   0x0000001a   Code   RO         2227    !!handler_copy      c_w.l(__scatter_copy.o)
    0x080001da   0x080001da   0x00000002   PAD
    0x080001dc   0x080001dc   0x0000001c   Code   RO         2229    !!handler_zi        c_w.l(__scatter_zi.o)
    0x080001f8   0x080001f8   0x00000002   Code   RO         2101    .ARM.Collect$$libinit$$00000000  c_w.l(libinit.o)
    0x080001fa   0x080001fa   0x00000004   Code   RO         2107    .ARM.Collect$$libinit$$00000001  c_w.l(libinit2.o)
    0x080001fe   0x080001fe   0x00000000   Code   RO         2110    .ARM.Collect$$libinit$$00000004  c_w.l(libinit2.o)
    0x080001fe   0x080001fe   0x00000000   Code   RO         2113    .ARM.Collect$$libinit$$0000000A  c_w.l(libinit2.o)
    0x080001fe   0x080001fe   0x00000000   Code   RO         2115    .ARM.Collect$$libinit$$0000000C  c_w.l(libinit2.o)
    0x080001fe   0x080001fe   0x00000000   Code   RO         2117    .ARM.Collect$$libinit$$0000000E  c_w.l(libinit2.o)
    0x080001fe   0x080001fe   0x00000000   Code   RO         2120    .ARM.Collect$$libinit$$00000011  c_w.l(libinit2.o)
    0x080001fe   0x080001fe   0x00000000   Code   RO         2122    .ARM.Collect$$libinit$$00000013  c_w.l(libinit2.o)
    0x080001fe   0x080001fe   0x00000000   Code   RO         2124    .ARM.Collect$$libinit$$00000015  c_w.l(libinit2.o)
    0x080001fe   0x080001fe   0x00000000   Code   RO         2126    .ARM.Collect$$libinit$$00000017  c_w.l(libinit2.o)
    0x080001fe   0x080001fe   0x00000000   Code   RO         2128    .ARM.Collect$$libinit$$00000019  c_w.l(libinit2.o)
    0x080001fe   0x080001fe   0x00000000   Code   RO         2130    .ARM.Collect$$libinit$$0000001B  c_w.l(libinit2.o)
    0x080001fe   0x080001fe   0x00000000   Code   RO         2132    .ARM.Collect$$libinit$$0000001D  c_w.l(libinit2.o)
    0x080001fe   0x080001fe   0x00000000   Code   RO         2134    .ARM.Collect$$libinit$$0000001F  c_w.l(libinit2.o)
    0x080001fe   0x080001fe   0x00000000   Code   RO         2136    .ARM.Collect$$libinit$$00000021  c_w.l(libinit2.o)
    0x080001fe   0x080001fe   0x00000000   Code   RO         2138    .ARM.Collect$$libinit$$00000023  c_w.l(libinit2.o)
    0x080001fe   0x080001fe   0x00000000   Code   RO         2140    .ARM.Collect$$libinit$$00000025  c_w.l(libinit2.o)
    0x080001fe   0x080001fe   0x00000000   Code   RO         2144    .ARM.Collect$$libinit$$0000002C  c_w.l(libinit2.o)
    0x080001fe   0x080001fe   0x00000000   Code   RO         2146    .ARM.Collect$$libinit$$0000002E  c_w.l(libinit2.o)
    0x080001fe   0x080001fe   0x00000000   Code   RO         2148    .ARM.Collect$$libinit$$00000030  c_w.l(libinit2.o)
    0x080001fe   0x080001fe   0x00000000   Code   RO         2150    .ARM.Collect$$libinit$$00000032  c_w.l(libinit2.o)
    0x080001fe   0x080001fe   0x00000002   Code   RO         2151    .ARM.Collect$$libinit$$00000033  c_w.l(libinit2.o)
    0x08000200   0x08000200   0x00000002   Code   RO         2169    .ARM.Collect$$libshutdown$$00000000  c_w.l(libshutdown.o)
    0x08000202   0x08000202   0x00000000   Code   RO         2179    .ARM.Collect$$libshutdown$$00000002  c_w.l(libshutdown2.o)
    0x08000202   0x08000202   0x00000000   Code   RO         2181    .ARM.Collect$$libshutdown$$00000004  c_w.l(libshutdown2.o)
    0x08000202   0x08000202   0x00000000   Code   RO         2184    .ARM.Collect$$libshutdown$$00000007  c_w.l(libshutdown2.o)
    0x08000202   0x08000202   0x00000000   Code   RO         2187    .ARM.Collect$$libshutdown$$0000000A  c_w.l(libshutdown2.o)
    0x08000202   0x08000202   0x00000000   Code   RO         2189    .ARM.Collect$$libshutdown$$0000000C  c_w.l(libshutdown2.o)
    0x08000202   0x08000202   0x00000000   Code   RO         2192    .ARM.Collect$$libshutdown$$0000000F  c_w.l(libshutdown2.o)
    0x08000202   0x08000202   0x00000002   Code   RO         2193    .ARM.Collect$$libshutdown$$00000010  c_w.l(libshutdown2.o)
    0x08000204   0x08000204   0x00000000   Code   RO         2066    .ARM.Collect$$rtentry$$00000000  c_w.l(__rtentry.o)
    0x08000204   0x08000204   0x00000000   Code   RO         2070    .ARM.Collect$$rtentry$$00000002  c_w.l(__rtentry2.o)
    0x08000204   0x08000204   0x00000006   Code   RO         2082    .ARM.Collect$$rtentry$$00000004  c_w.l(__rtentry4.o)
    0x0800020a   0x0800020a   0x00000000   Code   RO         2072    .ARM.Collect$$rtentry$$00000009  c_w.l(__rtentry2.o)
    0x0800020a   0x0800020a   0x00000004   Code   RO         2073    .ARM.Collect$$rtentry$$0000000A  c_w.l(__rtentry2.o)
    0x0800020e   0x0800020e   0x00000000   Code   RO         2075    .ARM.Collect$$rtentry$$0000000C  c_w.l(__rtentry2.o)
    0x0800020e   0x0800020e   0x00000008   Code   RO         2076    .ARM.Collect$$rtentry$$0000000D  c_w.l(__rtentry2.o)
    0x08000216   0x08000216   0x00000002   Code   RO         2105    .ARM.Collect$$rtexit$$00000000  c_w.l(rtexit.o)
    0x08000218   0x08000218   0x00000000   Code   RO         2153    .ARM.Collect$$rtexit$$00000002  c_w.l(rtexit2.o)
    0x08000218   0x08000218   0x00000004   Code   RO         2154    .ARM.Collect$$rtexit$$00000003  c_w.l(rtexit2.o)
    0x0800021c   0x0800021c   0x00000006   Code   RO         2155    .ARM.Collect$$rtexit$$00000004  c_w.l(rtexit2.o)
    0x08000222   0x08000222   0x00000002   PAD
    0x08000224   0x08000224   0x00000040   Code   RO         2011    .text               startup_at32f403a_407.o
    0x08000264   0x08000264   0x00000002   Code   RO         2054    .text               c_w.l(use_no_semi_2.o)
    0x08000266   0x08000266   0x00000002   PAD
    0x08000268   0x08000268   0x00000018   Code   RO         2058    .text               c_w.l(noretval__2printf.o)
    0x08000280   0x08000280   0x00000006   Code   RO         2060    .text               c_w.l(heapauxi.o)
    0x08000286   0x08000286   0x00000002   Code   RO         2064    .text               c_w.l(use_no_semi.o)
    0x08000288   0x08000288   0x00000024   Code   RO         2067    .text               c_w.l(_printf_char_file.o)
    0x080002ac   0x080002ac   0x00000030   Code   RO         2084    .text               c_w.l(_printf_char_common.o)
    0x080002dc   0x080002dc   0x00000008   Code   RO         2086    .text               c_w.l(ferror.o)
    0x080002e4   0x080002e4   0x0000004a   Code   RO         2090    .text               c_w.l(sys_stackheap_outer.o)
    0x0800032e   0x0800032e   0x00000028   Code   RO         2092    .text               c_w.l(__printf_nopercent.o)
    0x08000356   0x08000356   0x00000012   Code   RO         2094    .text               c_w.l(exit.o)
    0x08000368   0x08000368   0x00000008   Code   RO         2102    .text               c_w.l(libspace.o)
    0x08000370   0x08000370   0x00000004   Code   RO          177    i.BusFault_Handler  at32f403a_407_int.o
    0x08000374   0x08000374   0x00000002   Code   RO          178    i.DebugMon_Handler  at32f403a_407_int.o
    0x08000376   0x08000376   0x00000004   Code   RO          179    i.HardFault_Handler  at32f403a_407_int.o
    0x0800037a   0x0800037a   0x00000004   Code   RO          180    i.MemManage_Handler  at32f403a_407_int.o
    0x0800037e   0x0800037e   0x00000002   Code   RO          181    i.NMI_Handler       at32f403a_407_int.o
    0x08000380   0x08000380   0x00000040   Code   RO          122    i.NVIC_EncodePriority  at32f403a_407_wk_config.o
    0x080003c0   0x080003c0   0x00000002   Code   RO          182    i.PendSV_Handler    at32f403a_407_int.o
    0x080003c2   0x080003c2   0x00000002   Code   RO          183    i.SDIO2_IRQHandler  at32f403a_407_int.o
    0x080003c4   0x080003c4   0x00000002   Code   RO          184    i.SVC_Handler       at32f403a_407_int.o
    0x080003c6   0x080003c6   0x00000008   Code   RO          185    i.SysTick_Handler   at32f403a_407_int.o
    0x080003ce   0x080003ce   0x00000002   PAD
    0x080003d0   0x080003d0   0x00000070   Code   RO         2018    i.SystemInit        system_at32f403a_407.o
    0x08000440   0x08000440   0x00000002   Code   RO          186    i.USBFS_MAPL_IRQHandler  at32f403a_407_int.o
    0x08000442   0x08000442   0x00000004   Code   RO          187    i.UsageFault_Handler  at32f403a_407_int.o
    0x08000446   0x08000446   0x00000002   PAD
    0x08000448   0x08000448   0x00000010   Code   RO          123    i.__NVIC_GetPriorityGrouping  at32f403a_407_wk_config.o
    0x08000458   0x08000458   0x00000028   Code   RO          124    i.__NVIC_SetPriority  at32f403a_407_wk_config.o
    0x08000480   0x08000480   0x00000002   Code   RO          264    i._sys_exit         wk_system.o
    0x08000482   0x08000482   0x00000002   PAD
    0x08000484   0x08000484   0x00000030   Code   RO         1687    i.acc_calibration_mode_enable  at32f403a_407_acc.o
    0x080004b4   0x080004b4   0x0000000c   Code   RO         1698    i.acc_write_c1      at32f403a_407_acc.o
    0x080004c0   0x080004c0   0x0000000c   Code   RO         1699    i.acc_write_c2      at32f403a_407_acc.o
    0x080004cc   0x080004cc   0x0000000c   Code   RO         1700    i.acc_write_c3      at32f403a_407_acc.o
    0x080004d8   0x080004d8   0x00000014   Code   RO          458    i.crm_ahb_div_set   at32f403a_407_crm.o
    0x080004ec   0x080004ec   0x00000014   Code   RO          459    i.crm_apb1_div_set  at32f403a_407_crm.o
    0x08000500   0x08000500   0x00000014   Code   RO          460    i.crm_apb2_div_set  at32f403a_407_crm.o
    0x08000514   0x08000514   0x00000028   Code   RO          461    i.crm_auto_step_mode_enable  at32f403a_407_crm.o
    0x0800053c   0x0800053c   0x00000060   Code   RO          467    i.crm_clock_source_enable  at32f403a_407_crm.o
    0x0800059c   0x0800059c   0x0000012c   Code   RO          468    i.crm_clocks_freq_get  at32f403a_407_crm.o
    0x080006c8   0x080006c8   0x00000030   Code   RO          470    i.crm_flag_get      at32f403a_407_crm.o
    0x080006f8   0x080006f8   0x00000014   Code   RO          476    i.crm_hick_divider_select  at32f403a_407_crm.o
    0x0800070c   0x0800070c   0x0000001c   Code   RO          477    i.crm_hick_sclk_frequency_select  at32f403a_407_crm.o
    0x08000728   0x08000728   0x00000044   Code   RO          481    i.crm_periph_clock_enable  at32f403a_407_crm.o
    0x0800076c   0x0800076c   0x0000007c   Code   RO          484    i.crm_pll_config    at32f403a_407_crm.o
    0x080007e8   0x080007e8   0x00000058   Code   RO          485    i.crm_reset         at32f403a_407_crm.o
    0x08000840   0x08000840   0x0000003c   Code   RO          488    i.crm_sysclk_switch  at32f403a_407_crm.o
    0x0800087c   0x0800087c   0x00000010   Code   RO          489    i.crm_sysclk_switch_status_get  at32f403a_407_crm.o
    0x0800088c   0x0800088c   0x00000020   Code   RO          491    i.crm_usb_clock_source_select  at32f403a_407_crm.o
    0x080008ac   0x080008ac   0x00000014   Code   RO          492    i.crm_usb_interrupt_remapping_set  at32f403a_407_crm.o
    0x080008c0   0x080008c0   0x00000034   Code   RO          266    i.fputc             wk_system.o
    0x080008f4   0x080008f4   0x00000016   Code   RO          696    i.gpio_default_para_init  at32f403a_407_gpio.o
    0x0800090a   0x0800090a   0x000000a8   Code   RO          700    i.gpio_init         at32f403a_407_gpio.o
    0x080009b2   0x080009b2   0x00000002   PAD
    0x080009b4   0x080009b4   0x0000004c   Code   RO          706    i.gpio_pin_remap_config  at32f403a_407_gpio.o
    0x08000a00   0x08000a00   0x00000048   Code   RO            4    i.main              main.o
    0x08000a48   0x08000a48   0x000000c8   Code   RO         1480    i.nvic_irq_enable   at32f403a_407_misc.o
    0x08000b10   0x08000b10   0x00000028   Code   RO         1482    i.nvic_priority_group_config  at32f403a_407_misc.o
    0x08000b38   0x08000b38   0x0000000a   Code   RO         1790    i.sdio_bus_width_config  at32f403a_407_sdio.o
    0x08000b42   0x08000b42   0x0000000a   Code   RO         1791    i.sdio_clock_bypass  at32f403a_407_sdio.o
    0x08000b4c   0x08000b4c   0x0000001e   Code   RO         1792    i.sdio_clock_config  at32f403a_407_sdio.o
    0x08000b6a   0x08000b6a   0x0000000a   Code   RO         1793    i.sdio_clock_enable  at32f403a_407_sdio.o
    0x08000b74   0x08000b74   0x0000000a   Code   RO         1805    i.sdio_flow_control_enable  at32f403a_407_sdio.o
    0x08000b7e   0x08000b7e   0x0000000a   Code   RO         1810    i.sdio_power_saving_mode_enable  at32f403a_407_sdio.o
    0x08000b88   0x08000b88   0x0000000a   Code   RO         1811    i.sdio_power_set    at32f403a_407_sdio.o
    0x08000b92   0x08000b92   0x00000002   PAD
    0x08000b94   0x08000b94   0x000000f8   Code   RO         2019    i.system_core_clock_update  system_at32f403a_407.o
    0x08000c8c   0x08000c8c   0x00000028   Code   RO         1485    i.systick_clock_source_config  at32f403a_407_misc.o
    0x08000cb4   0x08000cb4   0x00000008   Code   RO          829    i.usart_data_transmit  at32f403a_407_usart.o
    0x08000cbc   0x08000cbc   0x0000000a   Code   RO          832    i.usart_enable      at32f403a_407_usart.o
    0x08000cc6   0x08000cc6   0x00000010   Code   RO          834    i.usart_flag_get    at32f403a_407_usart.o
    0x08000cd6   0x08000cd6   0x00000066   Code   RO          835    i.usart_hardware_flow_control_set  at32f403a_407_usart.o
    0x08000d3c   0x08000d3c   0x00000088   Code   RO          836    i.usart_init        at32f403a_407_usart.o
    0x08000dc4   0x08000dc4   0x0000004c   Code   RO          843    i.usart_parity_selection_config  at32f403a_407_usart.o
    0x08000e10   0x08000e10   0x0000000a   Code   RO          844    i.usart_receiver_enable  at32f403a_407_usart.o
    0x08000e1a   0x08000e1a   0x0000000a   Code   RO          851    i.usart_transmitter_enable  at32f403a_407_usart.o
    0x08000e24   0x08000e24   0x00000024   Code   RO          337    i.wk_acc_init       wk_acc.o
    0x08000e48   0x08000e48   0x00000010   Code   RO          361    i.wk_debug_config   wk_debug.o
    0x08000e58   0x08000e58   0x0000001e   Code   RO          267    i.wk_delay_ms       wk_system.o
    0x08000e76   0x08000e76   0x000000d4   Code   RO          125    i.wk_nvic_config    at32f403a_407_wk_config.o
    0x08000f4a   0x08000f4a   0x00000002   PAD
    0x08000f4c   0x08000f4c   0x00000050   Code   RO          126    i.wk_periph_clock_config  at32f403a_407_wk_config.o
    0x08000f9c   0x08000f9c   0x00000134   Code   RO          385    i.wk_sdio2_init     wk_sdio.o
    0x080010d0   0x080010d0   0x00000084   Code   RO          127    i.wk_system_clock_config  at32f403a_407_wk_config.o
    0x08001154   0x08001154   0x0000000c   Code   RO          268    i.wk_timebase_get   wk_system.o
    0x08001160   0x08001160   0x00000008   Code   RO          269    i.wk_timebase_handler  wk_system.o
    0x08001168   0x08001168   0x00000010   Code   RO          270    i.wk_timebase_increase  wk_system.o
    0x08001178   0x08001178   0x00000038   Code   RO          271    i.wk_timebase_init  wk_system.o
    0x080011b0   0x080011b0   0x00000090   Code   RO          409    i.wk_usart1_init    wk_usart.o
    0x08001240   0x08001240   0x00000010   Code   RO          433    i.wk_usbfs_init     wk_usbfs.o
    0x08001250   0x08001250   0x0000000a   Code   RO         2161    x$fpl$fpinit        fz_wm.l(fpinit.o)
    0x0800125a   0x0800125a   0x00000028   Data   RO          493    .constdata          at32f403a_407_crm.o
    0x08001282   0x08001282   0x00000010   Data   RO         2020    .constdata          system_at32f403a_407.o
    0x08001292   0x08001292   0x00000002   PAD
    0x08001294   0x08001294   0x00000020   Data   RO         2223    Region$$Table       anon$$obj.o


    Execution Region RW_IRAM1 (Exec base: 0x20000000, Load base: 0x080012b4, Size: 0x00000670, Max: 0x00018000, ABSOLUTE)

    Exec Addr    Load Addr    Size         Type   Attr      Idx    E Section Name        Object

    0x20000000   0x080012b4   0x00000008   Data   RW          272    .data               wk_system.o
    0x20000008   0x080012bc   0x00000004   Data   RW         2021    .data               system_at32f403a_407.o
    0x2000000c        -       0x00000060   Zero   RW         2103    .bss                c_w.l(libspace.o)
    0x2000006c   0x080012c0   0x00000004   PAD
    0x20000070        -       0x00000200   Zero   RW         2009    HEAP                startup_at32f403a_407.o
    0x20000270        -       0x00000400   Zero   RW         2008    STACK               startup_at32f403a_407.o


==============================================================================

Image component sizes


      Code (inc. data)   RO Data    RW Data    ZI Data      Debug   Object Name

        84         22          0          0          0       2411   at32f403a_407_acc.o
      1000        128         40          0          0      10840   at32f403a_407_crm.o
       266          6          0          0          0       2813   at32f403a_407_gpio.o
        36          0          0          0          0       5529   at32f403a_407_int.o
       280         18          0          0          0      32804   at32f403a_407_misc.o
        90          0          0          0          0       4876   at32f403a_407_sdio.o
       368         16          0          0          0       5912   at32f403a_407_usart.o
       544         30          0          0          0      33570   at32f403a_407_wk_config.o
        72         18          0          0          0      48355   main.o
        64         26        388          0       1536        852   startup_at32f403a_407.o
       360         38         16          4          0       2328   system_at32f403a_407.o
        36          0          0          0          0        510   wk_acc.o
        16          4          0          0          0        506   wk_debug.o
       308         16          0          0          0        704   wk_sdio.o
       176         16          0          8          0       5777   wk_system.o
       144          8          0          0          0        609   wk_usart.o
        16          0          0          0          0        508   wk_usbfs.o

    ----------------------------------------------------------------------
      3872        346        478         12       1536     158904   Object Totals
         0          0         32          0          0          0   (incl. Generated)
        12          0          2          0          0          0   (incl. Padding)

    ----------------------------------------------------------------------

      Code (inc. data)   RO Data    RW Data    ZI Data      Debug   Library Member Name

         8          0          0          0          0         68   __main.o
        40          0          0          0          0         84   __printf_nopercent.o
         0          0          0          0          0          0   __rtentry.o
        12          0          0          0          0          0   __rtentry2.o
         6          0          0          0          0          0   __rtentry4.o
        52          8          0          0          0          0   __scatter.o
        26          0          0          0          0          0   __scatter_copy.o
        28          0          0          0          0          0   __scatter_zi.o
        48          6          0          0          0         96   _printf_char_common.o
        36          4          0          0          0         80   _printf_char_file.o
        18          0          0          0          0         80   exit.o
         8          0          0          0          0         68   ferror.o
         6          0          0          0          0        152   heapauxi.o
         2          0          0          0          0          0   libinit.o
         6          0          0          0          0          0   libinit2.o
         2          0          0          0          0          0   libshutdown.o
         2          0          0          0          0          0   libshutdown2.o
         8          4          0          0         96         68   libspace.o
        24          4          0          0          0         84   noretval__2printf.o
         2          0          0          0          0          0   rtexit.o
        10          0          0          0          0          0   rtexit2.o
        74          0          0          0          0         80   sys_stackheap_outer.o
         2          0          0          0          0         68   use_no_semi.o
         2          0          0          0          0         68   use_no_semi_2.o
        10          0          0          0          0        116   fpinit.o

    ----------------------------------------------------------------------
       438         26          0          0        100       1112   Library Totals
         6          0          0          0          4          0   (incl. Padding)

    ----------------------------------------------------------------------

      Code (inc. data)   RO Data    RW Data    ZI Data      Debug   Library Name

       422         26          0          0         96        996   c_w.l
        10          0          0          0          0        116   fz_wm.l

    ----------------------------------------------------------------------
       438         26          0          0        100       1112   Library Totals

    ----------------------------------------------------------------------

==============================================================================


      Code (inc. data)   RO Data    RW Data    ZI Data      Debug   

      4310        372        478         12       1636     152900   Grand Totals
      4310        372        478         12       1636     152900   ELF Image Totals
      4310        372        478         12          0          0   ROM Totals

==============================================================================

    Total RO  Size (Code + RO Data)                 4788 (   4.68kB)
    Total RW  Size (RW Data + ZI Data)              1648 (   1.61kB)
    Total ROM Size (Code + RO Data + RW Data)       4800 (   4.69kB)

==============================================================================

